src/main.cpp:21:_Z3minii	8	static
src/main.cpp:25:_Z3maxii	8	static
src/main.cpp:29:_Z16TerminateProcessii	24	static
src/main.cpp:33:_Z11ExitProcessi	24	static
src/main.cpp:45:_Z5clampiii	8	static
src/timer.cpp:13:_Z9InitTimerP5timer	8	static
src/timer.cpp:17:_Z10StartTimerP5timer	8	static
src/timer.cpp:21:_Z8EndTimerP5timer	8	static
src/timer.cpp:25:_Z15GetTimerMSFloatP5timer	8	static
src/timer.cpp:30:_Z10GetTimerMSP5timer	8	static
src/timer.cpp:36:_Z9GetTimerFP5timer	8	static
src/timer.cpp:42:_Z16GetCyclesElapsedP5timer	8	static
src/main.cpp:0:__cxx_global_var_init	8	static
src/compile.cpp:238:_ZN21global_variables_langC2Ev	8	static
src/own_vector.cpp:488:_ZN7own_std4stoiENS_6stringE	40	static
src/own_vector.cpp:498:_ZN7own_std4stofENS_6stringE	40	static
src/own_vector.cpp:508:_ZN7own_std9to_stringEi	72	static
src/own_vector.cpp:194:_ZN7own_std6stringC2EPKc	72	static
src/own_vector.cpp:514:_ZN7own_std9to_stringEy	72	static
src/own_vector.cpp:520:_ZN7own_std9to_stringEx	72	static
src/own_vector.cpp:526:_ZN7own_std9to_stringEf	72	static
src/own_vector.cpp:919:_ZN7own_stdplEPKcRKNS_6stringE	168	static
src/own_vector.cpp:463:_ZN7own_std6stringplES0_	40	static
src/own_vector.cpp:151:_ZN7own_std6stringC2ERKS0_	40	static
src/own_vector.cpp:225:_ZN7own_std6stringD2Ev	24	static
src/memory.cpp:7:_Z19GetUnallocatedChunkP9mem_alloc	88	static
src/memory.cpp:132:_Z26heap_get_unallocated_cacheP9mem_alloc	8	static
src/memory.cpp:149:_Z23heap_insert_unallocatedP9mem_allocP9mem_chunk	8	static
src/memory.cpp:72:_Z33heap_assert_next_not_equal_to_curP9mem_alloc	40	static
src/memory.cpp:98:_Z19maybe_join_to_rightP9mem_chunkS0_S0_P18heap_free_ret_info	8	static
src/memory.cpp:118:_Z10heap_clearP9mem_alloc	40	static
src/memory.h:33:_ZN9heap_hash5ClearEv	24	static
src/memory.cpp:164:_Z9heap_freeP9mem_allocPc	88	static
src/memory.h:38:_ZN9heap_hash3GetEPv	8	static
src/memory.h:61:_ZN9heap_hash6RemoveEPv	72	static
src/memory.cpp:274:_Z17linear_alloc_funcP12linear_alloci	40	static
src/memory.cpp:282:_Z16linear_free_stubP12linear_allocPv	8	static
src/memory.cpp:285:_Z10heap_allocP9mem_alloci	88	static
src/memory.h:87:_ZN9heap_hash5StoreEPvS0_	72	static
src/memory.cpp:363:_Z12FreeMemAllocP9mem_alloc	8	static
src/memory.cpp:367:_Z14PlatformGetMemyi	24	static
src/memory.cpp:378:_Z12InitMemAllocP9mem_alloc	88	static
src/compile.cpp:307:_Z5splitRN7own_std6stringEcRNS_6vectorIS0_Ly0EEEPS0_	200	static
src/own_vector.cpp:147:_ZN7own_std6string4sizeEv	8	static
src/own_vector.cpp:478:_ZN7own_std6stringixEy	8	static
src/own_vector.cpp:253:_ZN7own_std6string6substrEyx	104	static
src/own_vector.cpp:170:_ZN7own_std6stringaSERKS0_	56	static
src/own_vector.cpp:857:_ZN7own_std6vectorINS_6stringELy0EE12emplace_backERS1_	40	static
src/compile.cpp:568:_Z18ReadEntireFileLangPcPj	200	static
src/compile.cpp:632:_Z13WriteFileLangPcPvi	40	static
src/token.h:540:_Z12FindDeclFuncPN7own_std6vectorI5decl2Ly0EEEPFbPS1_E	56	static
src/own_vector.cpp:632:_ZN7own_std6vectorI5decl2Ly0EE5beginEv	24	static
src/own_vector.cpp:640:_ZN7own_std6vectorI5decl2Ly0EE3endEv	24	static
src/token.h:821:_Z17GetDeclFromStructP12type_struct2	8	static
src/token.h:825:_ZN6token26NewTknEP10lang_state	40	static
src/node.cpp:271:_Z13AllocMiscDataP10lang_statei	40	static
src/own_vector.cpp:178:_ZN7own_std6stringaSERS0_	56	static
src/token.h:846:_Z12IsTknWordStrP6token2PKc	40	static
src/own_vector.cpp:364:_ZN7own_std6stringeqEPKc	56	static
src/token.h:850:_Z12IsTknWordStrP6token2N7own_std6stringE	40	static
src/own_vector.cpp:378:_ZN7own_std6stringeqERS0_	40	static
src/token.h:854:_Z9FindTokenPN7own_std6vectorI6token2Ly0EEEiPFb9tkn_type2E	56	static
src/own_vector.cpp:702:_ZN7own_std6vectorI6token2Ly0EE4sizeEv	8	static
src/own_vector.cpp:579:_ZN7own_std6vectorI6token2Ly0EEixEy	24	static
src/token.h:868:_Z19FindWordAtSameScopePN7own_std6vectorI6token2Ly0EEEiiNS_6stringE	168	static
src/token.h:894:_Z14FindTokenClosePN7own_std6vectorI6token2Ly0EEEi9tkn_type2	40	static
src/token.h:932:_Z21OperatorToStringConst9tkn_type2	40	static
src/token.h:1061:_Z16OperatorToString9tkn_type2	56	static
src/token.h:1190:_ZN6token28ToStringEv	200	static
src/own_vector.cpp:101:_ZN7own_std6string5c_strEv	40	static
src/token.h:1293:_Z13StringifyTknsPN7own_std6vectorI6token2Ly0EEEii	184	static
src/own_vector.cpp:234:_ZN7own_std6stringC2Ev	24	static
src/own_vector.cpp:133:_ZN7own_std6string7reserveEy	40	static
src/own_vector.cpp:454:_ZN7own_std6string6appendEOS0_	24	static
src/token.h:1307:_Z16is_type_unsigned10enum_type2	8	static
src/token.h:1354:_ZN5type218ChooseFuncOverloadEP10lang_statePN7own_std6vectorIS_Ly0EEE	104	static
src/own_vector.cpp:632:_ZN7own_std6vectorIP9func_declLy0EE5beginEv	24	static
src/own_vector.cpp:640:_ZN7own_std6vectorIP9func_declLy0EE3endEv	24	static
src/own_vector.cpp:702:_ZN7own_std6vectorIP5decl2Ly0EE4sizeEv	8	static
src/own_vector.cpp:702:_ZN7own_std6vectorI5type2Ly0EE4sizeEv	8	static
src/own_vector.cpp:632:_ZN7own_std6vectorI5type2Ly0EE5beginEv	24	static
src/own_vector.cpp:640:_ZN7own_std6vectorI5type2Ly0EE3endEv	24	static
src/node.cpp:605:_Z12CompareTypesP5type2S0_b	136	static
src/own_vector.cpp:579:_ZN7own_std6vectorIP5decl2Ly0EEixEy	24	static
src/token.cpp:17:_Z10IsUnsigned10enum_type2	24	static
src/token.cpp:53:_Z16CanAddToDataSect10enum_type2	8	static
src/token.cpp:77:_Z15BuiltinTypeSize10enum_type2	24	static
src/token.cpp:114:_Z11GetTypeSizeP5type2	56	static
src/token.cpp:185:_Z12TypeToStringR5type2	984	static
src/own_vector.cpp:422:_ZN7own_std6stringpLERKS0_	56	static
src/own_vector.cpp:396:_ZN7own_std6stringpLEPKc	56	static
src/own_vector.cpp:186:_ZN7own_std6stringaSEPKc	72	static
src/own_vector.cpp:632:_ZN7own_std6vectorIP5decl2Ly0EE5beginEv	24	static
src/own_vector.cpp:640:_ZN7own_std6vectorIP5decl2Ly0EE3endEv	24	static
src/own_vector.cpp:129:_ZN7own_std6string8pop_backEv	8	static
src/own_vector.cpp:436:_ZN7own_std6stringpLERS0_	56	static
src/token.cpp:434:_Z12TknsToStringPN7own_std6vectorI6token2Ly0EEE	232	static
src/own_vector.cpp:632:_ZN7own_std6vectorI6token2Ly0EE5beginEv	24	static
src/own_vector.cpp:640:_ZN7own_std6vectorI6token2Ly0EE3endEv	24	static
src/token_common.h:93:_ZN6token2C2ERKS_	24	static
src/token_common.h:97:_ZN6token2D2Ev	8	static
src/token.cpp:448:_Z8IsLetterc	8	static
src/token.cpp:452:_Z8IsNumberc	8	static
src/token.cpp:456:_Z10GetWordStrPciiPN7own_std6stringE	136	static
src/own_vector.cpp:215:_ZN7own_std6stringC2EPcy	104	static
src/token.cpp:479:_Z10GetWordNumPciiR6token2	392	static
src/own_vector.cpp:563:_ZN7own_std6vectorIhLy0EEC2Ev	24	static
src/own_vector.cpp:867:_ZN7own_std6vectorIhLy0EE12emplace_backEOh	40	static
src/own_vector.cpp:702:_ZN7own_std6vectorIhLy0EE4sizeEv	8	static
src/own_vector.cpp:579:_ZN7own_std6vectorIhLy0EEixEy	24	static
src/own_vector.cpp:881:_ZN7own_std6vectorIhLy0EED2Ev	24	static
src/token.cpp:580:_Z8EatSpacePcPi	8	static
src/token.cpp:622:_Z9Tokenize2PcjPN7own_std6vectorI6token2Ly0EEEPNS1_IS_Ly0EEE	392	static
src/own_vector.cpp:707:_ZN7own_std6vectorI6token2Ly0EE7reserveEy	24	static
src/own_vector.cpp:707:_ZN7own_std6vectorIPcLy0EE7reserveEy	24	static
src/own_vector.cpp:857:_ZN7own_std6vectorIPcLy0EE12emplace_backERS1_	40	static
src/token_common.h:85:_ZN6token2C2Ev	8	static
src/own_vector.cpp:450:_ZN7own_std6string9push_backEc	24	static
src/own_vector.cpp:385:_ZN7own_std6stringpLEc	56	static
src/own_vector.cpp:857:_ZN7own_std6vectorI6token2Ly0EE12emplace_backERS1_	40	static
src/own_vector.cpp:139:_ZN7own_std6string6lengthEv	8	static
src/token.cpp:1116:_Z15GetTypeFromTknsP6token2R5type2	136	static
src/token.cpp:1207:_Z12TokenizeLineRN7own_std6stringEPSt6vectorI6token2SaIS3_EE	152	static
src/own_vector.cpp:563:_ZN7own_std6vectorI6token2Ly0EEC2Ev	24	static
src/own_vector.cpp:125:_ZN7own_std6string4dataEv	8	static
/usr/lib/gcc/x86_64-linux-gnu/14/../../../../include/c++/14/bits/stl_vector.h:1484:_ZNSt6vectorI6token2SaIS0_EE6insertIPS0_vEEN9__gnu_cxx17__normal_iteratorIS4_S2_EENS6_IPKS0_S2_EET_SB_	120	static
/usr/lib/gcc/x86_64-linux-gnu/14/../../../../include/c++/14/bits/stl_vector.h:873:_ZNSt6vectorI6token2SaIS0_EE5beginEv	24	static
/usr/lib/gcc/x86_64-linux-gnu/14/../../../../include/c++/14/bits/stl_iterator.h:1074:_ZN9__gnu_cxx17__normal_iteratorIPK6token2St6vectorIS1_SaIS1_EEEC2IPS1_vEERKNS0_IT_S6_EE	40	static
src/own_vector.cpp:881:_ZN7own_std6vectorI6token2Ly0EED2Ev	24	static
src/node.h:354:_Z17GetNameSimpleHashRKN7own_std6stringE	40	static
src/own_vector.cpp:143:_ZNK7own_std6string4sizeEv	8	static
src/own_vector.cpp:469:_ZNK7own_std6stringixEy	8	static
src/node.h:475:_ZN5decl214AssignTemplateEP10lang_stateN7own_std6stringEP5type2P9comma_ret	616	static
src/token.h:291:_ZN5type2aSERKS_	56	static
src/token.h:300:_ZN5type2D2Ev	8	static
src/node.cpp:10358:_Z11DescendNodeP10lang_stateP4nodeP5scope	16424	static
src/node.h:562:_Z15OppositeCondCmp9tkn_type2	24	static
src/node.cpp:128:_ZN5scope5PrintEi	1256	static
src/own_vector.cpp:409:_ZN7own_std6stringpLEPc	56	static
src/own_vector.cpp:632:_ZN7own_std6vectorIP5scopeLy0EE5beginEv	24	static
src/own_vector.cpp:640:_ZN7own_std6vectorIP5scopeLy0EE3endEv	24	static
src/node.cpp:178:_ZN5type211GetEnumDeclEN7own_std6stringE	184	static
src/token.h:287:_ZN5type2C2Ev	24	static
src/node.cpp:3040:_Z14FindIdentifierRN7own_std6stringEP5scopeP5type2i	632	static
src/node.cpp:219:_Z16IsThereAFunctionP10lang_statePc	152	static
src/own_vector.cpp:371:_ZN7own_std6stringeqEOS0_	40	static
src/node.cpp:230:_Z22GetFuncAddrBasedOnNameP10lang_statePc	152	static
src/compile.cpp:559:_ZN10lang_state11GetCodeAddrEi	40	static
src/node.cpp:240:_Z18GetFuncBasedOnAddrP10lang_statey	72	static
src/node.cpp:297:_Z15std_str_to_heapP10lang_statePN7own_std6stringE	56	static
src/node.cpp:257:_Z29NewDeclToCurFilseGlobalsScopeP10lang_stateP5decl2	24	static
src/node.h:405:_ZN5scope7AddDeclEP5decl2	24	static
src/node.cpp:262:_Z16NewFuncToCompileP10lang_stateP9func_decl	24	static
src/own_vector.cpp:857:_ZN7own_std6vectorIP9func_declLy0EE12emplace_backERS2_	40	static
src/node.cpp:266:_Z17NewTypeDataSymbolP10lang_stateiPc	8	static
src/node.cpp:289:_Z16std_str_to_heap2PN7own_std6stringE	40	static
src/node.cpp:305:_Z12SwapNodesRhsPP4node	8	static
src/node.cpp:314:_Z11SwapNodesIfPP4node	8	static
src/node.cpp:323:_Z20InsertIntoCharVectorPN7own_std6vectorIcLy0EEEPvi	136	static
src/own_vector.cpp:702:_ZN7own_std6vectorIcLy0EE4sizeEv	8	static
src/own_vector.cpp:769:_ZN7own_std6vectorIcLy0EE6insertEyRKc	72	static
src/node.cpp:332:_Z26AddDataSectSizeRetPrevSizeP10lang_statei	40	static
src/own_vector.cpp:644:_ZN7own_std6vectorIcLy0EE10make_countEy	40	static
src/node.cpp:341:_Z18InsertIntoDataSectP10lang_statePvi	40	static
src/node.cpp:347:_Z8new_nodeP10lang_stateP6token2	40	static
src/node.cpp:374:_Z8new_nodeP10lang_stateP4node	40	static
src/node.cpp:384:_ZN9node_iter11is_operatorEP6token2Pi	56	static
src/node.cpp:524:_ZN9node_iter8peek_tknEv	40	static
src/node.cpp:529:_ZN9node_iter7get_tknEv	40	static
src/node.cpp:548:_ZN9node_iter15SetNodeScopeIdxEP10lang_statePP4nodehii	72	static
src/node.cpp:569:_ZN9node_iter8is_unaryEP9tkn_type2	40	static
src/node.cpp:596:_ZN9node_iter9parse_allEv	24	static
src/node.cpp:601:_ZN9node_iter12parse_stmntsEv	24	static
src/node.cpp:2039:_ZN9node_iter6parse_Ei11parser_cond	760	static
src/node.cpp:830:_ZN9node_iter18CreateCondAndScopeEPP4node	88	static
src/node.cpp:2028:_ZN9node_iter10EatNewLineEv	40	static
src/node.cpp:898:_ZN9node_iter9ExpectTknE9tkn_type2	392	static
src/node.cpp:1171:_ZN9node_iter10parse_exprEv	2024	static
src/error_report.cpp:5:_Z21GetCurFileNameAndLineP10lang_statePcii	40	static
src/error_report.cpp:23:_Z11ReportErrorP10lang_stateiiPci	328	static
src/node.cpp:918:_ZN9node_iter15parse_func_likeEv	152	static
src/own_vector.cpp:563:_ZN7own_std6vectorIP4nodeLy0EEC2Ev	24	static
src/own_vector.cpp:857:_ZN7own_std6vectorIP4nodeLy0EE12emplace_backERS2_	40	static
src/node.cpp:5096:_Z13ReportMessageP10lang_stateP6token2Pc	312	static
src/node.cpp:1091:_ZN9node_iter16parse_strct_likeEv	56	static
src/node.cpp:1126:_Z21CheckParenthesesLevelP10lang_stateP6token2	24	static
src/node.cpp:1134:_ZN9node_iter9parse_strERN7own_std6stringEPii	264	static
src/node.h:69:_ZN9node_iterC2EPN7own_std6vectorI6token2Ly0EEEP10lang_state	40	static
src/node.cpp:1161:_ZN9node_iter24parse_until_head_is_wordEv	40	static
src/own_vector.cpp:56:_ZN7own_std6string5eraseEyy	120	static
src/own_vector.cpp:867:_ZN7own_std6vectorIP4nodeLy0EE12emplace_backEOS2_	40	static
src/own_vector.cpp:677:_ZN7own_std6vectorIP4nodeLy0EE4backEv	24	static
src/own_vector.cpp:702:_ZN7own_std6vectorIP4nodeLy0EE4sizeEv	8	static
src/node.cpp:6583:_Z12NewIdentNodeP10lang_stateN7own_std6stringEP6token2	56	static
src/own_vector.cpp:805:_ZN7own_std6vectorIP4nodeLy0EE6insertEyRS2_	72	static
src/node.cpp:10188:_Z16MakeFuncCallArgsP10lang_stateN7own_std6stringEP4nodeRNS1_6vectorIS4_Ly0EEEP6token2	216	static
src/own_vector.cpp:881:_ZN7own_std6vectorIP4nodeLy0EED2Ev	24	static
src/node.cpp:6534:_Z12NewBinOpNodeP10lang_stateP4node9tkn_type2S2_	72	static
src/node.cpp:7073:_Z14IsNodeOperatorP4node9tkn_type2	8	static
src/own_vector.cpp:857:_ZN7own_std6vectorI7on_condLy0EE12emplace_backERS1_	40	static
src/node.cpp:2015:_ZN9node_iter31CheckTwoBinaryOparatorsTogetherEP4node	152	static
src/node.cpp:5087:_Z16ReportMessageOneP10lang_stateP6token2PcPv	568	static
src/node.cpp:2453:_Z14CheckFuncExtraP10lang_stateP9func_declP5scope	552	static
src/own_vector.cpp:632:_ZN7own_std6vectorIP4nodeLy0EE5beginEv	24	static
src/own_vector.cpp:640:_ZN7own_std6vectorIP4nodeLy0EE3endEv	24	static
src/node.cpp:7825:_Z18DescendNameFindingP10lang_stateP4nodeP5scope	11240	static
src/own_vector.cpp:563:_ZN7own_std6vectorI9comma_retLy0EEC2Ev	24	static
src/node.cpp:2704:_Z12DescendCommaP10lang_stateP4nodeP5scopeRN7own_std6vectorI9comma_retLy0EEE	648	static
src/own_vector.cpp:632:_ZN7own_std6vectorI9comma_retLy0EE5beginEv	24	static
src/own_vector.cpp:640:_ZN7own_std6vectorI9comma_retLy0EE3endEv	24	static
src/own_vector.cpp:881:_ZN7own_std6vectorI9comma_retLy0EED2Ev	24	static
src/node.cpp:2490:_Z16CheckFuncRetTypeP10lang_stateP9func_declP5scope	344	static
src/node.cpp:7686:_Z16CheckForHashtagsP10lang_stateP4nodeP9func_declP5scope	232	static
src/node.cpp:3944:_Z18NameFindingGetTypeP10lang_stateP4nodeP5scopeR5type2i	1912	static
src/node.cpp:3403:_Z17FromTypeToVarType10enum_type2	24	static
src/node.cpp:6210:_Z20CheckStructValToFuncP9func_declP5type2	40	static
src/main.cpp:0:__cxx_global_var_init.145	8	static
src/node.cpp:2560:_ZN11thread_workC2Ev	24	static
src/node.cpp:2560:_ZN11thread_workD2Ev	24	static
src/node.cpp:2605:_Z10ModifyTreeP4nodeS0_	24	static
src/node.cpp:2610:_Z20DescendScopeForFuncsP10lang_stateP5scope	168	static
src/node.cpp:2670:_Z11ParseStringP10lang_stateN7own_std6stringEi	120	static
src/own_vector.cpp:857:_ZN7own_std6vectorIPNS0_I6token2Ly0EEELy0EE12emplace_backERS3_	40	static
src/token.h:1334:_ZN9comma_retC2Ev	24	static
src/own_vector.cpp:857:_ZN7own_std6vectorI9comma_retLy0EE12emplace_backERS1_	40	static
src/token.h:1349:_ZN9comma_retD2Ev	8	static
src/node.cpp:2774:_Z20DescendNodeTemplatesP4nodeP5scope	72	static
src/own_vector.cpp:563:_ZN7own_std6vectorI13template_exprLy0EEC2Ev	24	static
src/own_vector.cpp:707:_ZN7own_std6vectorI13template_exprLy0EE7reserveEy	24	static
src/own_vector.cpp:881:_ZN7own_std6vectorI13template_exprLy0EED2Ev	24	static
src/node.cpp:2783:_Z16DescendTemplatesP4nodeP5scopePN7own_std6vectorI13template_exprLy0EEE	328	static
src/token.h:176:_ZN13template_exprC2Ev	8	static
src/own_vector.cpp:857:_ZN7own_std6vectorI13template_exprLy0EE12emplace_backERS1_	40	static
src/token.h:179:_ZN13template_exprD2Ev	8	static
src/node.cpp:2822:_Z8NewScopeP10lang_stateP5scope	56	static
src/own_vector.cpp:857:_ZN7own_std6vectorIP5scopeLy0EE12emplace_backERS2_	40	static
src/own_vector.cpp:724:_ZN7own_std6vectorIP7ast_repLy0EE6insertEPS2_S4_S4_	88	static
src/own_vector.cpp:640:_ZN7own_std6vectorIP7ast_repLy0EE3endEv	24	static
src/own_vector.cpp:632:_ZN7own_std6vectorIP7ast_repLy0EE5beginEv	24	static
src/node.cpp:2836:_Z7NewDeclP10lang_stateN7own_std6stringE5type2	168	static
src/node.cpp:2849:_Z19TemplTypeFromStructP5type2S0_S0_N7own_std6stringE	472	static
src/own_vector.cpp:702:_ZN7own_std6vectorI13template_exprLy0EE4sizeEv	8	static
src/node.cpp:2881:_Z24TemplatesTypeToLangArrayP10lang_statePN7own_std6vectorI13template_exprLy0EEEPNS2_IP5decl2Ly0EEEPNS2_I9comma_retLy0EEE	344	static
src/own_vector.cpp:563:_ZN7own_std6vectorI5type2Ly0EEC2Ev	24	static
src/own_vector.cpp:632:_ZN7own_std6vectorI13template_exprLy0EE5beginEv	24	static
src/own_vector.cpp:640:_ZN7own_std6vectorI13template_exprLy0EE3endEv	24	static
src/own_vector.cpp:579:_ZN7own_std6vectorI9comma_retLy0EEixEy	24	static
src/node.cpp:3284:_Z17FromVarTypeToType10enum_type2	24	static
src/own_vector.cpp:857:_ZN7own_std6vectorI5type2Ly0EE12emplace_backERS1_	40	static
src/own_vector.cpp:881:_ZN7own_std6vectorI5type2Ly0EED2Ev	24	static
src/node.cpp:2916:_Z21TemplatesTypeToStringPN7own_std6vectorI13template_exprLy0EEEP9func_declPNS0_I9comma_retLy0EEE	440	static
src/node.cpp:2949:_Z16GetTemplateTypesP10lang_statePN7own_std6vectorI13template_exprLy0EEEPNS2_I9comma_retLy0EEEP5scopeP9func_decl	1528	static
src/own_vector.cpp:563:_ZN7own_std6vectorIP5decl2Ly0EEC2Ev	24	static
src/own_vector.cpp:579:_ZN7own_std6vectorI13template_exprLy0EEixEy	24	static
src/token.h:532:_ZN5decl2C2Ev	56	static
src/token.h:296:_ZN5type2C2ERKS_	24	static
src/own_vector.cpp:857:_ZN7own_std6vectorIP5decl2Ly0EE12emplace_backERS2_	40	static
src/token.h:536:_ZN5decl2D2Ev	24	static
src/own_vector.cpp:881:_ZN7own_std6vectorIP5decl2Ly0EED2Ev	24	static
src/node.cpp:3015:_Z22DescendTemplatesToDeclP10lang_stateP4nodeP5scopePN7own_std6vectorI13template_exprLy0EEE	568	static
src/node.cpp:13053:_ZN5scope12FindVariableERN7own_std6stringE	104	static
src/own_vector.cpp:702:_ZN7own_std6vectorINS0_IP5decl2Ly0EEELy0EE4sizeEv	8	static
src/own_vector.cpp:677:_ZN7own_std6vectorINS0_IP5decl2Ly0EEELy0EE4backEv	24	static
src/own_vector.cpp:589:_ZN7own_std6vectorIP5decl2Ly0EEC2ERS3_	40	static
src/node.cpp:3117:_Z4max2ii	8	static
src/node.cpp:3121:_Z12DescendStmntP10lang_stateP4nodeP5scope	392	static
src/own_vector.cpp:563:_ZN7own_std6vectorIP5scopeLy0EEC2Ev	24	static
src/own_vector.cpp:702:_ZN7own_std6vectorIP5scopeLy0EE4sizeEv	8	static
src/node.cpp:7260:_Z33CheckDeclNodeAndMaybeAddEqualZeroP10lang_stateP4nodeP5scope	424	static
src/own_vector.cpp:685:_ZN7own_std6vectorIP4nodeLy0EE8pop_backEv	24	static
src/own_vector.cpp:881:_ZN7own_std6vectorIP5scopeLy0EED2Ev	24	static
src/node.cpp:3187:_Z16CheckBiggestTypeP5type2i	40	static
src/node.cpp:3220:_Z21get_even_address_withii	8	static
src/node.cpp:3228:_Z19SetVariablesAddressPN7own_std6vectorIP5decl2Ly0EEEiPii	88	static
src/node.cpp:3530:_Z18GetScopeFromParentP10lang_stateP4nodeP5scope	40	static
src/node.cpp:3609:_Z17GetExpressionValTIfET_9tkn_type2S0_S0_	40	static
src/node.cpp:3629:_Z16GetExpressionValP4nodeP5scope	216	static
src/node.cpp:3679:_Z20TryInstantiateStructP10lang_stateP12type_struct2N7own_std6stringEP5scopePS2_RNS3_6vectorI9comma_retLy0EEEP5type2	1384	static
src/own_vector.cpp:702:_ZN7own_std6vectorI9comma_retLy0EE4sizeEv	8	static
src/node.h:396:_ZN5scope11AssignDeclsEPP5decl2S2_	40	static
src/own_vector.cpp:613:_ZN7own_std6vectorIP5decl2Ly0EE6assignEPS2_S4_	56	static
src/token.h:698:_ZN12type_struct210ToTypeSectEP10lang_statePN7own_std6vectorIcLy0EEEPi	504	static
src/node.cpp:3821:_Z21InstantiateArFromTypeP10lang_stateR5type2P5scopePS1_PP12type_struct2P4node	520	static
src/node.cpp:6900:_Z18FuncNameWithTemplsP10lang_stateN7own_std6stringEPNS1_6vectorI5type2Ly0EEE	168	static
src/node.cpp:3854:_Z7NewTypeP10lang_stateP5type2	40	static
src/node.cpp:3860:_Z16FromStaticArToArP10lang_stateP5type2P5scopeP4node	168	static
src/node.cpp:3888:_Z16GetLastStmntNodeP10lang_stateP4node	40	static
src/node.cpp:3908:_Z16GetLastStmntTypeP10lang_stateP4nodeP5scopeR5type2	56	static
src/node.cpp:3916:_Z13GetIfExprTypeP10lang_stateP4nodeP5scopeR5type2i	200	static
src/own_vector.cpp:857:_ZN7own_std6vectorIiLy0EE12emplace_backERi	40	static
src/own_vector.cpp:606:_ZN7own_std6vectorIiLy0EEaSERS1_	40	static
src/node.cpp:12796:_ZN12type_struct214FindOpOverloadEP10lang_state11overload_opP4nodePN7own_std6vectorI5type2Ly0EEE	376	static
src/node.cpp:7065:_Z10IsNodeUnopP4node9tkn_type2	8	static
src/node.cpp:6886:_Z26ReportUndeclaredIdentifierP10lang_stateP6token2	296	static
src/node.cpp:6311:_Z14FunctionIsDoneP10lang_stateP4nodeP5scopeP5type2i	872	static
src/node.cpp:5408:_Z8CallNodeP10lang_stateP4nodeP5scopeP5type2P5decl2	4216	static
src/node.cpp:6613:_Z10PointLogicP10lang_stateP4nodeP5scopeP5type2	2136	static
src/node.cpp:4497:_Z13FuncArgsLogicP10lang_stateP9func_declP4nodeP5scopeP5type2iib	1800	static
src/node.cpp:6915:_Z32DeclareDeclToScopeAndMaybeToFuncP10lang_stateN7own_std6stringEP5type2P5scopeP4node	184	static
src/node.cpp:7379:_Z32AddStructMembersToScopeWithUsingP10lang_stateP12type_struct2P5scopeP4node	200	static
src/node.cpp:4733:_Z25DescendArgsOfModifiedFuncP10lang_stateP9func_decl	56	static
src/node.cpp:4754:_Z22TemplatedStructMatchesP10lang_stateP4nodeP5scopeP12type_struct2S6_	424	static
src/node.cpp:4786:_Z27TemplatedFuncMatchWithTypesP10lang_stateP4nodeP5scopePN7own_std6vectorI5type2Ly0EEEP9func_decl	440	static
src/node.h:400:_ZN5scope10ClearDeclsEv	24	static
src/own_vector.cpp:579:_ZN7own_std6vectorI5type2Ly0EEixEy	24	static
src/node.cpp:4833:_Z30CheckIfTemplateOverloadHasFuncP10lang_stateP4nodeP5scopePN7own_std6vectorI5type2Ly0EEEP5decl2PP9func_decl	1208	static
src/own_vector.cpp:909:_ZN7own_std8hash_mapIP4nodeP9func_declE3GetES2_	24	static
src/token.h:466:_ZN9func_decl8new_funcEi	72	static
src/node.h:276:_ZN4node7NewTreeEP10lang_state	40	static
src/own_vector.cpp:867:_ZN7own_std6vectorIP5decl2Ly0EE12emplace_backEOS2_	40	static
src/own_vector.cpp:905:_ZN7own_std8hash_mapIP4nodeP9func_declE3AddES2_S4_	40	static
src/node.cpp:4931:_Z45AddNewTemplFuncFromLangArrayTemplTypesToScopeP10lang_stateN7own_std6stringEP5scopePNS1_6vectorI5type2Ly0EEEP4nodePP9func_decl	1432	static
src/own_vector.cpp:681:_ZN7own_std6vectorI13template_exprLy0EE5clearEv	24	static
src/node.cpp:5069:_Z19ModifyCommaRetTypesPN7own_std6vectorI9comma_retLy0EEEP5scope	56	static
src/node.cpp:5102:_Z18ReportTypeMismatchP10lang_stateP6token2P5type2S4_	456	static
src/node.cpp:5109:_Z14BuildMacroTreeP10lang_stateP5scopeP4nodej	216	static
src/own_vector.cpp:313:_ZN7own_std6string6assignERS0_	40	static
src/own_vector.cpp:579:_ZN7own_std6vectorIPcLy0EEixEy	24	static
src/node.cpp:5187:_Z19CreateNewVarArgCallP10lang_stateP4nodeS2_iS2_	344	static
src/node.cpp:7045:_Z18CreateNodeFromTypeP10lang_stateP5type2P6token2	248	static
src/node.cpp:6555:_Z11NewTypeNodeP10lang_stateP4node9node_typeS2_P6token2	56	static
src/node.cpp:6566:_Z10NewIntNodeP10lang_statexP6token2	56	static
src/node.cpp:5213:_Z17CreateStructTupleP10lang_stateP4nodeP5scope	1000	static
src/node.cpp:5299:_Z31CreateTemplateInstantiationNameRN7own_std6stringERNS_6vectorI9comma_retLy0EEES1_	232	static
src/node.cpp:5316:_Z20ContructTreeFromArgsP10lang_stateP4nodeRN7own_std6vectorIS2_Ly0EEEi	72	static
src/own_vector.cpp:579:_ZN7own_std6vectorIP4nodeLy0EEixEy	24	static
src/node.cpp:5347:_Z13MaybeSortArgsP10lang_stateP4nodeP9func_declPN7own_std6vectorI9comma_retLy0EEE	344	static
src/own_vector.cpp:707:_ZN7own_std6vectorIP4nodeLy0EE7reserveEy	24	static
src/node.cpp:10259:_Z20ModifyFuncDeclToNameP10lang_stateP9func_declP4nodeP5scope	552	static
src/node.cpp:5425:_ZZ8CallNodeP10lang_stateP4nodeP5scopeP5type2P5decl2EN11defer_strctC2ES4_P9func_declS0_	8	static
src/own_vector.cpp:644:_ZN7own_std6vectorINS0_IP5decl2Ly0EEELy0EE10make_countEy	40	static
src/own_vector.cpp:681:_ZN7own_std6vectorIP5decl2Ly0EE5clearEv	24	static
src/own_vector.cpp:724:_ZN7own_std6vectorIP5decl2Ly0EE6insertEPS2_S4_S4_	88	static
src/error_report.cpp:10:_Z9GetFileLnP10lang_stateiP9unit_file	40	static
src/own_vector.cpp:681:_ZN7own_std6vectorI9comma_retLy0EE5clearEv	24	static
src/own_vector.cpp:27:_ZN7own_std6string5emptyEv	8	static
src/own_vector.cpp:606:_ZN7own_std6vectorI5type2Ly0EEaSERS2_	40	static
src/own_vector.cpp:594:_ZN7own_std6vectorI5type2Ly0EEaSERKS2_	40	static
src/own_vector.cpp:702:_ZN7own_std6vectorI19func_overload_strctLy0EE4sizeEv	8	static
src/node.cpp:12667:_ZN12type_struct220FindExistingOverloadEP10lang_statePN7own_std6vectorI19func_overload_strctLy0EEEPvPNS3_I5type2Ly0EEEbP4node	1304	static
src/node.cpp:5432:_ZZ8CallNodeP10lang_stateP4nodeP5scopeP5type2P5decl2EN11defer_strctD2Ev	24	static
src/node.cpp:6222:_Z16NewVarArgToScopeP10lang_stateP5scopeP5type2P9func_decl	680	static
src/node.cpp:6250:_Z19ReportDeclaredTwiceP10lang_stateP4nodeP5decl2	328	static
src/node.cpp:6263:_Z16LookingForLabelsP10lang_stateP4nodeP5scope	376	static
src/own_vector.cpp:238:_ZN7own_std6string6substrEv	40	static
src/node.cpp:12545:_Z21CheckOverloadFunctionP10lang_stateP9func_decl	552	static
/usr/lib/gcc/x86_64-linux-gnu/14/../../../../include/c++/14/bits/hashtable_policy.h:473:_ZNSt8__detaileqERKNS_14_Node_iteratorISt4pairIKP9func_declS3_ELb0ELb0EEES8_	40	static
/usr/lib/gcc/x86_64-linux-gnu/14/../../../../include/c++/14/bits/unordered_map.h:876:_ZNSt13unordered_mapIP9func_declS1_St4hashIS1_ESt8equal_toIS1_ESaISt4pairIKS1_S1_EEE4findERS7_	40	static
/usr/lib/gcc/x86_64-linux-gnu/14/../../../../include/c++/14/bits/unordered_map.h:354:_ZNSt13unordered_mapIP9func_declS1_St4hashIS1_ESt8equal_toIS1_ESaISt4pairIKS1_S1_EEE3endEv	24	static
/usr/lib/gcc/x86_64-linux-gnu/14/../../../../include/c++/14/bits/unordered_map.h:987:_ZNSt13unordered_mapIP9func_declS1_St4hashIS1_ESt8equal_toIS1_ESaISt4pairIKS1_S1_EEEixERS7_	24	static
src/node.cpp:6481:_Z9NewImportP10lang_state11import_typeN7own_std6stringEP9unit_file	56	static
src/node.cpp:6491:_Z11NewUnopNodeP10lang_stateP4node9tkn_type2S2_	56	static
src/node.cpp:6514:_Z11NewUnOpNodeP10lang_state9tkn_type2P4nodeP6token2	56	static
src/node.cpp:6599:_Z24BottomOfTheTreeInsertLhsP10lang_stateP4nodeS2_	72	static
src/token.h:682:_ZN12type_struct28FindDeclERN7own_std6stringE	72	static
src/node.cpp:10223:_Z23MakeRelPtrDerefFuncCallP10lang_stateP9func_declP4node	152	static
src/node.h:531:_ZN12import_strct8FindDeclERKN7own_std6stringE	72	static
src/node.cpp:7007:_Z22MangleFuncNameWithArgsP10lang_stateP9func_declN7own_std6stringEi	264	static
src/token.h:273:_ZN5type27IsStrctEPP5decl2	40	static
src/node.cpp:7081:_Z30TransformSingleFuncToOvrlStrctP10lang_stateP5decl2	520	static
src/own_vector.cpp:900:_ZN7own_std8hash_mapIP4nodeP9func_declEC2Ei	40	static
src/node.cpp:12625:_Z12OvrldOpToStr11overload_op	56	static
src/node.cpp:7119:_Z27AddNewDeclToFileGlobalScopeP10lang_stateP5decl2	24	static
src/node.cpp:7124:_Z14CreateDeclNodeP10lang_stateN7own_std6stringEP5type2P6token2	152	static
src/node.cpp:7132:_Z14CreateDeclNodeP10lang_stateN7own_std6stringE10enum_type2P6token2	248	static
src/node.cpp:7140:_Z18CreateBinOpRhsBoolP10lang_stateP4node7keyword9tkn_type2	56	static
src/node.cpp:7150:_Z20CreateBoolExpressionP10lang_stateP4nodeS2_P5scope	104	static
src/node.cpp:7203:_Z12ProcessArgNdP10lang_statePvi	56	static
src/node.cpp:7230:_Z13NewThreeArgNdP10lang_stateN7own_std6stringEP4nodeS4_S4_	200	static
src/node.cpp:7316:_Z11IsSameStrctP5type2P12type_struct2	8	static
src/node.cpp:7323:_Z14EnumToTypeSectP10lang_stateN7own_std6stringEP5scope	424	static
src/own_vector.cpp:563:_ZN7own_std6vectorIcLy0EEC2Ev	24	static
src/own_vector.cpp:758:_ZN7own_std6vectorIcLy0EE6insertEPcyOc	72	static
src/own_vector.cpp:640:_ZN7own_std6vectorIcLy0EE3endEv	24	static
src/own_vector.cpp:712:_ZN7own_std6vectorIcLy0EE4dataEv	8	static
src/own_vector.cpp:579:_ZN7own_std6vectorIcLy0EEixEy	24	static
src/own_vector.cpp:724:_ZN7own_std6vectorIcLy0EE6insertEPcS2_S2_	88	static
src/own_vector.cpp:632:_ZN7own_std6vectorIcLy0EE5beginEv	24	static
src/own_vector.cpp:881:_ZN7own_std6vectorIcLy0EED2Ev	24	static
src/node.cpp:7415:_Z14MakeMemCpyCallP10lang_stateP4nodeS2_S2_i	216	static
src/node.cpp:7439:_Z19GetFilesInDirectoryN7own_std6stringEPNS_6vectorIPcLy0EEES4_i	1608	static
src/node.cpp:7550:_Z15GetLongFileNamePN7own_std6stringE	4120	static
src/node.cpp:7570:_Z16AddFolderToScopeP10lang_stateP5scopeN7own_std6stringE11import_typeS4_	1560	static
src/own_vector.cpp:563:_ZN7own_std6vectorINS_6stringELy0EEC2Ev	24	static
src/own_vector.cpp:563:_ZN7own_std6vectorIPcLy0EEC2Ev	24	static
src/own_vector.cpp:563:_ZN7own_std6vectorIP9unit_fileLy0EEC2Ev	24	static
src/own_vector.cpp:632:_ZN7own_std6vectorIPcLy0EE5beginEv	24	static
src/own_vector.cpp:640:_ZN7own_std6vectorIPcLy0EE3endEv	24	static
src/own_vector.cpp:867:_ZN7own_std6vectorIP9unit_fileLy0EE12emplace_backEOS2_	40	static
src/node.cpp:12931:_Z10AddNewFileP10lang_stateN7own_std6stringES2_	408	static
src/own_vector.cpp:632:_ZN7own_std6vectorIP9unit_fileLy0EE5beginEv	24	static
src/own_vector.cpp:640:_ZN7own_std6vectorIP9unit_fileLy0EE3endEv	24	static
src/own_vector.cpp:881:_ZN7own_std6vectorIP9unit_fileLy0EED2Ev	24	static
src/own_vector.cpp:881:_ZN7own_std6vectorIPcLy0EED2Ev	24	static
src/own_vector.cpp:881:_ZN7own_std6vectorINS_6stringELy0EED2Ev	24	static
src/node.cpp:7614:_Z9IsKeywordP4node7keyword	8	static
src/node.cpp:7619:_Z23NameFindingOnExprEtructP10lang_stateP12type_struct2P4nodeP5scopeb	184	static
src/IR.cpp:4742:_Z9CompileDoP10lang_stateP4nodeP5scope	104	static
src/own_vector.cpp:632:_ZN7own_std6vectorI7on_condLy0EE5beginEv	24	static
src/own_vector.cpp:640:_ZN7own_std6vectorI7on_condLy0EE3endEv	24	static
src/IR.cpp:4735:_Z13AstCreateCodeP10lang_stateP4nodeP5scopePN7own_std6vectorIiLy0EEE	56	static
src/bytecode.cpp:3406:_Z14FromTypeToDeclP10lang_stateP5type2	40	static
src/token.h:183:_ZN19func_overload_strctC2Ev	56	static
src/own_vector.cpp:857:_ZN7own_std6vectorI19func_overload_strctLy0EE12emplace_backERS1_	40	static
src/token.h:183:_ZN19func_overload_strctD2Ev	24	static
src/own_vector.cpp:579:_ZN7own_std6vectorI19func_overload_strctLy0EEixEy	24	static
src/own_vector.cpp:867:_ZN7own_std6vectorI5type2Ly0EE12emplace_backEOS1_	40	static
src/bytecode.cpp:3353:_Z21FromBuiltinTypeToDeclP10lang_state10enum_type2	40	static
src/token.h:604:_ZN12type_struct213AddOpOverloadEP10lang_stateP9func_decl11overload_opii	1288	static
src/own_vector.cpp:867:_ZN7own_std6vectorI11machine_symLy0EE12emplace_backEOS1_	40	static
src/machine_rel.h:42:_ZN11machine_symC2EP10lang_state16machine_sym_typejPc	40	static
src/own_vector.cpp:606:_ZN7own_std6vectorIP5decl2Ly0EEaSERS3_	40	static
src/own_vector.cpp:805:_ZN7own_std6vectorIP5decl2Ly0EE6insertEyRS2_	72	static
src/node.cpp:10167:_Z14CreateTreeArgsP10lang_stateRN7own_std6vectorIP4nodeLy0EEE9node_type9tkn_type2	88	static
src/node.cpp:10241:_Z15MaybeCreateCastP10lang_stateP4nodeS2_P5type2S4_	104	static
src/node.cpp:10254:_Z7Return5v	8	static
src/node.cpp:10286:_Z20ModifyNodeIntOrFloatR5type2P4node	8	static
src/node.cpp:10301:_Z45ModifyNodeAndDoOperationsIfItsOnlyIntOrFloatsP4nodeR5type2S2_S2_	152	static
src/node.cpp:3582:_Z17GetExpressionValTIiET_9tkn_type2S0_S0_	40	static
src/node.cpp:10324:_Z34MaybeConvertEtructEnumToStructTypeR5type2	136	static
src/node.cpp:10339:_Z17DescendNodeExprOnP10lang_stateP5scopeP4nodeP5type2	168	static
src/node.h:443:_ZN7messageC2Ev	56	static
src/token.h:283:_ZN5type27IsFloatEv	8	static
src/node.cpp:12383:_Z13StringifyNodeP4node	1832	static
src/node.cpp:2569:_ZN11thread_work10AddMessageEP7message	56	static
src/own_vector.cpp:702:_ZN7own_std6vectorIiLy0EE4sizeEv	8	static
src/own_vector.cpp:579:_ZN7own_std6vectorIiLy0EEixEy	24	static
src/own_vector.cpp:702:_ZN7own_std6vectorIP9func_declLy0EE4sizeEv	8	static
src/node.h:443:_ZN7messageD2Ev	24	static
src/compile.cpp:5457:_Z12WasmIrInterpP9dbg_statePN7own_std6vectorIiLy0EEE	56	static
src/node.cpp:12540:_ZN9node_iter5parseE9tkn_type2	24	static
src/node.cpp:12551:_ZZ21CheckOverloadFunctionP10lang_stateP9func_declEN11defer_strctC2ES0_S2_	8	static
src/node.cpp:12557:_ZZ21CheckOverloadFunctionP10lang_stateP9func_declEN11defer_strctD2Ev	8	static
src/node.cpp:12993:_ZN12type_struct219CreateNewOpOverloadEP10lang_stateP9func_decl11overload_op	280	static
src/node.cpp:12891:_Z11CompileFileP10lang_stateP9unit_file	56	static
src/node.cpp:12906:_Z11ThereIsFileP10lang_stateRN7own_std6stringE	4296	static
src/own_vector.cpp:81:_ZN7own_std6string12find_last_ofEPKc	72	static
src/own_vector.cpp:242:_ZN7own_std6string6substrEy	88	static
src/own_vector.cpp:857:_ZN7own_std6vectorIP9unit_fileLy0EE12emplace_backERS2_	40	static
src/node.cpp:13031:_ZN5scope18FindVariableCachedERN7own_std6stringE	72	static
src/node.h:409:_ZN5scope9CacheDeclEP5decl2	88	static
src/bytecode.cpp:15:_Z16BufferToHeapCStrPci	40	static
src/bytecode.cpp:22:_Z24EmplaceValueToCharVectorRN7own_std6vectorIhLy0EEExc	56	static
src/bytecode.cpp:135:_Z14CreateRegToRegP9byte_codeccP12machine_codeb	40	static
src/bytecode.cpp:236:_Z17FromBCRegToAsmRegc	24	static
src/bytecode.cpp:296:_Z14AddPreMemInstsccccRN7own_std6vectorIhLy0EEEb	56	static
src/bytecode.cpp:156:_Z14CreateImmToRegcccP9byte_codeR12machine_code	56	static
src/own_vector.cpp:857:_ZN7own_std6vectorIhLy0EE12emplace_backERh	40	static
src/bytecode.cpp:368:_Z6AddImmxcR12machine_code	40	static
src/bytecode.cpp:196:_Z19FromAsmRegToWasmRegh	24	static
src/bytecode.cpp:272:_Z9MakeModRMbicc	8	static
src/bytecode.cpp:349:_Z8AddModRMbiccR12machine_codes	40	static
src/bytecode.cpp:374:_Z14CreateMemToRegP9byte_codecccR12machine_codecb	56	static
src/bytecode.cpp:397:_Z14CreateRegToMemP9byte_codeccR12machine_codecb	72	static
src/bytecode.cpp:421:_Z14CreateMemToMemP9byte_codeccR12machine_code	168	static
src/bytecode.h:557:_ZN9byte_codeC2ERKS_	24	static
src/bytecode.h:561:_ZN9byte_codeD2Ev	8	static
src/bytecode.cpp:439:_Z19CreateStoreImmToMemP9byte_codeR12machine_code	40	static
src/bytecode.cpp:453:_Z14CreateImmToMemP9byte_codecR12machine_codes	40	static
src/bytecode.cpp:480:_Z7AddJumpP9byte_codecR12machine_code	104	static
src/own_vector.cpp:867:_ZN7own_std6vectorI7jmp_relLy0EE12emplace_backEOS1_	40	static
src/bytecode.h:763:_ZN7jmp_relC2EcjP9byte_code	8	static
src/bytecode.cpp:499:_Z13StoreMemToMemP9byte_codeiR12machine_code	120	static
src/bytecode.cpp:515:_Z15ResolveJmpInstsP12machine_code	72	static
src/own_vector.cpp:632:_ZN7own_std6vectorI7jmp_relLy0EE5beginEv	24	static
src/own_vector.cpp:640:_ZN7own_std6vectorI7jmp_relLy0EE3endEv	24	static
src/bytecode.cpp:538:_Z20CreateSSERegToSSERegP9byte_codecP12machine_code	40	static
src/bytecode.cpp:547:_Z28CreatePckdSSERegToPckdSSERegP9byte_codecP12machine_code	40	static
src/bytecode.cpp:556:_Z14CreateMemToSSEP9byte_codecP12machine_codec	40	static
src/bytecode.cpp:568:_Z17CreateSSERegToMemP9byte_codecP12machine_codecb	120	static
src/bytecode.cpp:615:_Z16Create0FMemToRegP9byte_codecP12machine_code	40	static
src/bytecode.cpp:681:_Z10AddLeaInstR12machine_codec	24	static
src/bytecode.cpp:699:_Z11MovImmToRegR12machine_codescx	40	static
src/bytecode.cpp:709:_Z12GetArgRegIdxi	8	static
src/bytecode.cpp:755:_Z6GenX64P10lang_stateRN7own_std6vectorI9byte_codeLy0EEER12machine_code	1688	static
src/own_vector.cpp:632:_ZN7own_std6vectorI9byte_codeLy0EE5beginEv	24	static
src/own_vector.cpp:640:_ZN7own_std6vectorI9byte_codeLy0EE3endEv	24	static
src/own_vector.cpp:712:_ZN7own_std6vectorIhLy0EE4dataEv	8	static
src/own_vector.cpp:867:_ZN7own_std6vectorI8call_relLy0EE12emplace_backEOS1_	40	static
src/bytecode.h:781:_ZN8call_relC2EiP9func_decl	8	static
src/own_vector.cpp:867:_ZN7own_std6vectorI13machine_relocLy0EE12emplace_backEOS1_	40	static
src/machine_rel.h:26:_ZN13machine_relocC2E16machine_rel_typejPc	8	static
src/own_vector.cpp:579:_ZN7own_std6vectorI9byte_codeLy0EEixEy	24	static
src/own_vector.cpp:677:_ZN7own_std6vectorI7jmp_relLy0EE4backEv	24	static
src/bytecode.h:548:_ZN9byte_codeC2Ev	24	static
src/bytecode.cpp:2048:_Z17FromByteCodeToX64P10lang_statePN7own_std6vectorIP14func_byte_codeLy0EEER12machine_code	104	static
src/own_vector.cpp:707:_ZN7own_std6vectorIhLy0EE7reserveEy	24	static
src/own_vector.cpp:632:_ZN7own_std6vectorIP14func_byte_codeLy0EE5beginEv	24	static
src/own_vector.cpp:640:_ZN7own_std6vectorIP14func_byte_codeLy0EE3endEv	24	static
src/machine_rel.h:39:_ZN11machine_symC2Ev	8	static
src/own_vector.cpp:857:_ZN7own_std6vectorI11machine_symLy0EE12emplace_backERS1_	40	static
src/own_vector.cpp:702:_ZN7own_std6vectorIhLy1EE4sizeEv	8	static
src/bytecode.cpp:2205:_Z11ReturnBCode15byte_code_instrP16descend_func_retS1_	72	static
src/bytecode.cpp:2465:_Z11TokenToInst9tkn_type2	24	static
src/bytecode.cpp:2490:_Z19EmplacePopStackSizeP14func_byte_codeP16descend_func_ret	152	static
src/own_vector.cpp:867:_ZN7own_std6vectorI9byte_codeLy0EE12emplace_backEOS1_	40	static
src/bytecode.h:543:_ZN9byte_codeC2E14byte_code_enum	40	static
src/bytecode.cpp:2494:_Z20EmplacePushStackSizeP14func_byte_codeiP16descend_func_ret	168	static
src/bytecode.h:537:_ZN9byte_codeC2E14byte_code_enumx	40	static
src/bytecode.cpp:2501:_Z19EmplaceInstRegToRegP14func_byte_codeccc15byte_code_instrP16descend_func_retb	712	static
src/bytecode.h:657:_ZN16descend_func_retC2Ev	72	static
src/bytecode.h:644:_ZN16descend_func_retD2Ev	24	static
src/bytecode.cpp:2527:_Z14EmplaceRetInstP14func_byte_code	152	static
src/bytecode.cpp:2531:_Z13EmplacePopRegP14func_byte_codecP16descend_func_ret	440	static
src/bytecode.cpp:2538:_Z18EmplaceInstRMToRegP14func_byte_codecci15byte_code_instrP16descend_func_ret	712	static
src/bytecode.cpp:2551:_Z19EmplaceInstImmToMemP14func_byte_codeiP5decl215byte_code_instrP16descend_func_ret	728	static
src/bytecode.cpp:2559:_Z19EmplaceInstImmToMemP14func_byte_codeiP5decl2i15byte_code_instrP16descend_func_retc	728	static
src/bytecode.cpp:2572:_Z25EmplaceInstRegToMemOffsetP14func_byte_codeccic15byte_code_instrP16descend_func_retb	728	static
src/bytecode.cpp:2591:_Z25EmplaceInstRegToMemOffsetP14func_byte_codeci15byte_code_instrP16descend_func_ret	712	static
src/bytecode.cpp:2604:_Z22EmplaceInstRegToMemSibP14func_byte_codecicc15byte_code_instrP16descend_func_ret	696	static
src/bytecode.cpp:2616:_Z19EmplaceInstRegToMemP14func_byte_codecP5decl215byte_code_instrP16descend_func_reti	728	static
src/bytecode.cpp:2629:_Z26EmplaceInstMemOffsetToReg2P14func_byte_codecxc15byte_code_instrP16descend_func_retP5decl2cc	840	static
src/own_vector.cpp:857:_ZN7own_std6vectorI9byte_codeLy0EE12emplace_backERS1_	40	static
src/bytecode.cpp:2680:_Z25EmplaceInstMemOffsetToRegP14func_byte_codeci15byte_code_instrP16descend_func_retbc	712	static
src/bytecode.cpp:2697:_Z19EmplaceInstMemToRegP14func_byte_codecP5decl2i15byte_code_instrP16descend_func_ret	72	static
src/bytecode.cpp:2701:_Z19EmplaceInstMemToRegP14func_byte_codecP5decl215byte_code_instrP16descend_func_ret	72	static
src/bytecode.cpp:2726:_Z19EmplaceInstImmToRegP14func_byte_codeci15byte_code_instrP16descend_func_retc	744	static
src/bytecode.cpp:2737:_Z14EmplacePushRegP14func_byte_codecP16descend_func_ret	440	static
src/bytecode.cpp:2744:_Z18EmplaceInstRepStosP14func_byte_codeciciciP16descend_func_ret	152	static
src/bytecode.cpp:3334:_Z14EmplaceLeaInstccicP16descend_func_ret	152	static
src/bytecode.cpp:2769:_Z15EmplaceRetGroupP14func_byte_codeP9func_declP16descend_func_retS4_	568	static
src/bytecode.cpp:3496:_Z14EmplaceCommentP16descend_func_retPc	152	static
src/bytecode.h:514:_ZN9byte_codeC2E14byte_code_enumPv	40	static
src/bytecode.cpp:2808:_Z19EmplaceCondJmpInst29tkn_type2iRN7own_std6vectorI9byte_codeLy0EEEb	168	static
src/bytecode.cpp:2841:_Z18EmplaceCondJmpInst9tkn_type2iP16descend_func_retb	168	static
src/bytecode.cpp:2876:_Z20EmplaceDataSectRelocciP16descend_func_ret	152	static
src/bytecode.h:462:_ZN9byte_codeC2E8rel_typePcicP9func_decl	72	static
src/bytecode.cpp:2881:_Z14MovStrLitToRegP10lang_statecN7own_std6stringEP16descend_func_ret	328	static
src/bytecode.cpp:2897:_Z17MovFloatToSSEReg2P10lang_statecfPN7own_std6vectorI9byte_codeLy0EEEb	184	static
src/own_vector.cpp:677:_ZN7own_std6vectorI9byte_codeLy0EE4backEv	24	static
src/bytecode.cpp:2913:_Z16MovFloatToSSERegP10lang_statecfP16descend_func_ret	168	static
src/bytecode.cpp:2921:_Z20GenInstFromLhsAndRhsP10lang_stateP14func_byte_codeP4nodeR16descend_func_retS6_S6_	5192	static
src/bytecode.cpp:3481:_Z36MaybePushingPramRegsInDivAndMulInstsP10lang_stateP14func_byte_code9tkn_type2P16descend_func_ret	56	static
src/bytecode.cpp:3466:_Z36MaybePoppingPramRegsInDivAndMulInstsP10lang_stateP14func_byte_code9tkn_type2P16descend_func_ret	56	static
src/own_vector.cpp:702:_ZN7own_std6vectorI9byte_codeLy0EE4sizeEv	8	static
src/own_vector.cpp:724:_ZN7own_std6vectorI9byte_codeLy0EE6insertEPS1_S3_S3_	88	static
src/bytecode.cpp:3254:_Z21EmlaceInstPopParamRegP14func_byte_codeP9func_declcR16descend_func_ret	168	static
src/bytecode.cpp:3275:_Z22EmlaceInstPushParamRegP14func_byte_codeP9func_declcR16descend_func_ret	168	static
src/bytecode.cpp:3295:_Z11IdxToArgStri	8	static
src/bytecode.cpp:3321:_Z15EmplaceLeaInst2ccicRN7own_std6vectorI9byte_codeLy0EEE	152	static
src/bytecode.cpp:3416:_Z8DerefDFRP14func_byte_codeP16descend_func_ret	56	static
src/bytecode.cpp:3442:_Z13TypeToRelTypeP5type2	72	static
src/bytecode.cpp:3504:_Z16CommonBinOpStuffP14func_byte_codeP16descend_func_retS2_i	72	static
src/bytecode.cpp:3521:_Z12PushDFRToMemP10lang_stateP14func_byte_codeR16descend_func_retS4_Rb	72	static
src/own_vector.cpp:681:_ZN7own_std6vectorI9byte_codeLy0EE5clearEv	24	static
src/bytecode.cpp:3538:_Z6PopDFRP14func_byte_codeRbR16descend_func_retS3_S3_	72	static
src/bytecode.cpp:3563:_Z20InsertFalseTrueCondsR16descend_func_retS0_	88	static
src/own_vector.cpp:632:_ZN7own_std6vectorIiLy0EE5beginEv	24	static
src/own_vector.cpp:640:_ZN7own_std6vectorIiLy0EE3endEv	24	static
src/own_vector.cpp:867:_ZN7own_std6vectorIiLy0EE12emplace_backEOi	40	static
src/bytecode.cpp:3579:_Z13GetScopeDeclsP5scope	56	static
src/bytecode.cpp:3584:_Z17ParametersToStackP9func_declPN7own_std6vectorI9byte_codeLy0EEE	184	static
src/bytecode.cpp:3681:_Z23bcode_enm_to_bcode_inst14byte_code_enum	24	static
src/bytecode.cpp:3701:_Z12PerformBinOpxxcb15byte_code_instr	88	static
src/bytecode.cpp:3721:_Z10GetSizeMinc	8	static
src/IR.cpp:32:_Z25CheckIrValIsPointIncDerefP6ir_val	8	static
src/IR.cpp:40:_Z12NewAstLinearP10lang_state	24	static
src/IR.cpp:49:_Z6NewAstv	24	static
src/IR.cpp:58:_Z26CheckStmntWithoutSemicolonP10lang_statePN7own_std6vectorIP7ast_repLy0EEE	72	static
src/IR.cpp:75:_Z12CreateAstBinP10lang_state9tkn_type2P7ast_repS3_P4nodeP5scope	296	static
src/own_vector.cpp:857:_ZN7own_std6vectorIP7ast_repLy0EE12emplace_backERS2_	40	static
src/IR.cpp:86:_Z12InsertDeferdPP7ast_repP5scopeb	104	static
src/own_vector.cpp:702:_ZN7own_std6vectorIP7ast_repLy0EE4sizeEv	8	static
src/IR.cpp:111:_Z11AstFromNodeP10lang_stateP4nodeP5scope	7592	static
src/own_vector.cpp:857:_ZN7own_std6vectorI11on_cond_astLy0EE12emplace_backERS1_	40	static
src/own_vector.cpp:867:_ZN7own_std6vectorIP7ast_repLy0EE12emplace_backEOS2_	40	static
src/own_vector.cpp:579:_ZN7own_std6vectorIP7ast_repLy0EEixEy	24	static
src/own_vector.cpp:857:_ZN7own_std6vectorI9ast_pointLy0EE12emplace_backERS1_	40	static
src/own_vector.cpp:857:_ZN7own_std6vectorI25ast_struct_construct_infoLy0EE12emplace_backERS1_	40	static
src/own_vector.cpp:606:_ZN7own_std6vectorIP7ast_repLy0EEaSERS3_	40	static
src/own_vector.cpp:563:_ZN7own_std6vectorIP7ast_repLy0EEC2Ev	24	static
src/own_vector.cpp:881:_ZN7own_std6vectorIP7ast_repLy0EED2Ev	24	static
src/IR.cpp:1118:_Z8GetIRValP10lang_stateP7ast_repP6ir_val	56	static
src/IR.cpp:1192:_Z10GenIRBinOpP10lang_stateP7ast_repP6ir_valS4_PN7own_std6vectorI6ir_repLy0EEE	56	static
src/IR.cpp:1205:_Z11IsAstSimpleP10lang_stateP7ast_rep	8	static
src/IR.cpp:1212:_Z16IRCreateEndBlockP10lang_stateiPN7own_std6vectorI6ir_repLy0EEE7ir_type	232	static
src/own_vector.cpp:702:_ZN7own_std6vectorI6ir_repLy0EE4sizeEv	8	static
src/own_vector.cpp:857:_ZN7own_std6vectorI6ir_repLy0EE12emplace_backERS1_	40	static
src/own_vector.cpp:579:_ZN7own_std6vectorI6ir_repLy0EEixEy	24	static
src/IR.cpp:1240:_Z18IRCreateBeginBlockP10lang_statePN7own_std6vectorI6ir_repLy0EEE7ir_typePv	232	static
src/own_vector.cpp:677:_ZN7own_std6vectorI6ir_repLy0EE4backEv	24	static
src/IR.cpp:1258:_Z19FromTokenOpToIRType9tkn_type2	24	static
src/IR.cpp:1281:_Z7FreeRegP10lang_statec	8	static
src/IR.cpp:1287:_Z16FreeAllFloatRegsP10lang_state	24	static
src/IR.cpp:1292:_Z20FreeSpecificFloatRegP10lang_statec	8	static
src/IR.cpp:1297:_Z21AllocSpecificFloatRegP10lang_statec	8	static
src/IR.cpp:1302:_Z13AllocFloatRegP10lang_state	40	static
src/IR.cpp:1318:_Z11FreeAllRegsP10lang_state	24	static
src/IR.cpp:1323:_Z15FreeSpecificRegP10lang_statec	8	static
src/IR.cpp:1328:_Z16AllocSpecificRegP10lang_statec	24	static
src/IR.cpp:1337:_Z8AllocRegP10lang_statei	24	static
src/IR.cpp:1352:_Z7HasCallP10lang_stateP7ast_rep	88	static
src/IR.cpp:1421:_Z21MaybeUnspillRegistersP10lang_statePiPN7own_std6vectorI6ir_repLy0EEE	376	static
src/IR.cpp:1440:_Z14SpillRegistersP10lang_stateiPN7own_std6vectorI6ir_repLy0EEE	376	static
src/IR.cpp:1460:_Z19MaybeSpillRegistersP10lang_stateP7ast_repPiPN7own_std6vectorI6ir_repLy0EEE	216	static
src/IR.cpp:1478:_Z8GetIRBinP10lang_stateP7ast_repPN7own_std6vectorI6ir_repLy0EEE7ir_typePv	408	static
src/own_vector.cpp:563:_ZN7own_std6vectorI6ir_repLy0EEC2Ev	24	static
src/IR.cpp:3919:_Z12GetIRFromAstP10lang_stateP7ast_repPN7own_std6vectorI6ir_repLy0EEEP6ir_val	1480	static
src/IR.cpp:3547:_Z14GenStackThenIRP10lang_stateP7ast_repPN7own_std6vectorI6ir_repLy0EEEP6ir_valS9_	360	static
src/IR.cpp:1939:_Z43CreateOppositeRegAssigmentAfterCondCheckingP10lang_statePN7own_std6vectorI6ir_repLy0EEEiii	376	static
src/own_vector.cpp:881:_ZN7own_std6vectorI6ir_repLy0EED2Ev	24	static
src/IR.cpp:1590:_Z11IsCondAndOr9tkn_type2	8	static
src/IR.cpp:1594:_Z9GetIRCondP10lang_stateP7ast_repPN7own_std6vectorI6ir_repLy0EEE	296	static
src/own_vector.cpp:681:_ZN7own_std6vectorINS0_IiLy0EEELy0EE5clearEv	24	static
src/IR.cpp:1691:_Z11GenIRSubBinP10lang_stateP7ast_repPN7own_std6vectorI6ir_repLy0EEE11ir_val_typePv	72	static
src/IR.cpp:1704:_Z15PushArrayOfAstsP10lang_statePN7own_std6vectorIP7ast_repLy0EEES4_S6_	72	static
src/IR.cpp:1730:_Z15PushAstsInOrderP10lang_stateP7ast_repPN7own_std6vectorIS2_Ly0EEE	552	static
src/IR.cpp:1716:_Z12PushFuncAstsP10lang_stateP7ast_repPN7own_std6vectorIS2_Ly0EEE	72	static
src/own_vector.cpp:579:_ZN7own_std6vectorI25ast_struct_construct_infoLy0EEixEy	24	static
src/own_vector.cpp:702:_ZN7own_std6vectorI25ast_struct_construct_infoLy0EE4sizeEv	8	static
src/own_vector.cpp:579:_ZN7own_std6vectorI9ast_pointLy0EEixEy	24	static
src/own_vector.cpp:702:_ZN7own_std6vectorI9ast_pointLy0EE4sizeEv	8	static
src/own_vector.cpp:644:_ZN7own_std6vectorINS0_IiLy0EEELy0EE10make_countEy	40	static
src/own_vector.cpp:702:_ZN7own_std6vectorINS0_IiLy0EEELy0EE4sizeEv	8	static
src/own_vector.cpp:677:_ZN7own_std6vectorINS0_IiLy0EEELy0EE4backEv	24	static
src/IR.cpp:1896:_Z12GenIRComplexP10lang_stateP7ast_repPN7own_std6vectorI6ir_repLy0EEEP6ir_val	312	static
src/IR.cpp:1916:_Z18IsIrValPackedFloatP6ir_val	8	static
src/IR.cpp:1927:_Z12IsIrValFloatP6ir_val	8	static
src/IR.cpp:1975:_Z11GinIRMemCpyP10lang_statePN7own_std6vectorI6ir_repLy0EEE	376	static
src/IR.cpp:2128:_Z15IsBeginInsideIfP7ast_rep	8	static
src/IR.cpp:2134:_Z13IsEndInsideIfP7ast_rep	8	static
src/IR.cpp:2140:_Z9IsBeginOrP7ast_rep	8	static
src/IR.cpp:2146:_Z7IsEndOrP7ast_rep	8	static
src/IR.cpp:2152:_Z10IsBeginAndP7ast_rep	8	static
src/IR.cpp:2158:_Z8IsEndAndP7ast_rep	8	static
src/IR.cpp:2164:_Z8IsEndArgP7ast_rep	8	static
src/IR.cpp:2170:_Z13GenIrToArgRegP10lang_stateRN7own_std6vectorI6ir_valLy0EEEiRNS2_IP7ast_repLy0EEEPNS2_I6ir_repLy0EEE	232	static
src/own_vector.cpp:579:_ZN7own_std6vectorI6ir_valLy0EEixEy	24	static
src/own_vector.cpp:702:_ZN7own_std6vectorI6ir_valLy0EE4sizeEv	8	static
src/IR.cpp:2219:_Z14GinIRFromStackP10lang_stateRN7own_std6vectorIP7ast_repLy0EEEPNS2_I6ir_repLy0EEEP6ir_val	3816	static
src/own_vector.cpp:563:_ZN7own_std6vectorI6ir_valLy0EEC2Ev	24	static
src/own_vector.cpp:707:_ZN7own_std6vectorI6ir_valLy0EE7reserveEy	24	static
src/own_vector.cpp:579:_ZN7own_std6vectorINS0_IiLy0EEELy0EEixEy	24	static
src/own_vector.cpp:724:_ZN7own_std6vectorI6ir_repLy0EE6insertEPS1_S3_S3_	88	static
src/own_vector.cpp:640:_ZN7own_std6vectorI6ir_repLy0EE3endEv	24	static
src/own_vector.cpp:632:_ZN7own_std6vectorI6ir_repLy0EE5beginEv	24	static
src/own_vector.cpp:677:_ZN7own_std6vectorI6ir_valLy0EE4backEv	24	static
src/own_vector.cpp:685:_ZN7own_std6vectorI6ir_valLy0EE8pop_backEv	24	static
src/own_vector.cpp:632:_ZN7own_std6vectorI6ir_valLy0EE5beginEv	24	static
src/own_vector.cpp:640:_ZN7own_std6vectorI6ir_valLy0EE3endEv	24	static
src/own_vector.cpp:857:_ZN7own_std6vectorI6ir_valLy0EE12emplace_backERS1_	40	static
src/own_vector.cpp:644:_ZN7own_std6vectorI6ir_valLy0EE10make_countEy	40	static
src/own_vector.cpp:881:_ZN7own_std6vectorI6ir_valLy0EED2Ev	24	static
src/IR.cpp:3713:_Z20DoStructConstructionP10lang_stateP7ast_rep11ir_val_typePvPN7own_std6vectorI6ir_repLy0EEE	232	static
src/own_vector.cpp:632:_ZN7own_std6vectorI25ast_struct_construct_infoLy0EE5beginEv	24	static
src/own_vector.cpp:640:_ZN7own_std6vectorI25ast_struct_construct_infoLy0EE3endEv	24	static
src/IR.cpp:3736:_Z17GenIRMaybeComplexP10lang_stateP7ast_repPN7own_std6vectorI6ir_repLy0EEEP6ir_valS9_b	56	static
src/IR.cpp:3759:_Z14GetAstTypeSizeP10lang_stateP7ast_rep	72	static
src/own_vector.cpp:677:_ZN7own_std6vectorI9ast_pointLy0EE4backEv	24	static
src/IR.cpp:3818:_Z9GenIfExprP10lang_stateP7ast_repPN7own_std6vectorI6ir_repLy0EEEP6ir_val	216	static
src/IR.cpp:3837:_Z11GenLhsEqualP10lang_stateP7ast_repP5type2PN7own_std6vectorI6ir_repLy0EEEP6ir_val	216	static
src/IR.cpp:3895:_Z23MaybeAllocDiffAssignRegP10lang_stateR6ir_valPN7own_std6vectorI6ir_repLy0EEE	216	static
src/own_vector.cpp:632:_ZN7own_std6vectorI11on_cond_astLy0EE5beginEv	24	static
src/own_vector.cpp:640:_ZN7own_std6vectorI11on_cond_astLy0EE3endEv	24	static
src/own_vector.cpp:677:_ZN7own_std6vectorIP7ast_repLy0EE4backEv	24	static
src/IR.cpp:4751:_Z19CreateDbgEqualStmntP10lang_state	136	static
src/compile.cpp:806:_Z8MapMacroP4nodeS0_S0_Pv	8	static
src/compile.cpp:810:_Z3tttv	8	static
src/compile.cpp:813:_Z4calliiiiiii	40	static
src/compile.cpp:824:_Z16NewTypeToSectionP10lang_statePc10enum_type2	312	static
src/own_vector.cpp:863:_ZN7own_std6vectorI11machine_symLy0EE9push_backEOS1_	24	static
src/compile.cpp:838:_Z14CreateDbgScopePSt6vectorI9byte_codeSaIS0_EEi	56	static
/usr/lib/gcc/x86_64-linux-gnu/14/../../../../include/c++/14/bits/stl_vector.h:873:_ZNSt6vectorI9byte_codeSaIS0_EE5beginEv	24	static
/usr/lib/gcc/x86_64-linux-gnu/14/../../../../include/c++/14/bits/stl_iterator.h:1138:_ZNK9__gnu_cxx17__normal_iteratorIP9byte_codeSt6vectorIS1_SaIS1_EEEplEl	40	static
/usr/lib/gcc/x86_64-linux-gnu/14/../../../../include/c++/14/bits/stl_iterator.h:1249:_ZN9__gnu_cxxltIP9byte_codeSt6vectorIS1_SaIS1_EEEEbRKNS_17__normal_iteratorIT_T0_EESB_	40	static
/usr/lib/gcc/x86_64-linux-gnu/14/../../../../include/c++/14/bits/stl_vector.h:893:_ZNSt6vectorI9byte_codeSaIS0_EE3endEv	24	static
/usr/lib/gcc/x86_64-linux-gnu/14/../../../../include/c++/14/bits/stl_iterator.h:1108:_ZN9__gnu_cxx17__normal_iteratorIP9byte_codeSt6vectorIS1_SaIS1_EEEppEi	40	static
src/compile.cpp:858:_Z14ForeignFuncAddc	8	static
src/compile.cpp:863:_Z17GetTypeInTypeSectP10lang_stateP13machine_relocRN7own_std6vectorI11machine_symLy0EEEiRj	72	static
src/own_vector.cpp:632:_ZN7own_std6vectorI11machine_symLy0EE5beginEv	24	static
src/own_vector.cpp:640:_ZN7own_std6vectorI11machine_symLy0EE3endEv	24	static
src/compile.cpp:886:_Z19CompleteMachineCodeP10lang_stateR12machine_code	536	static
src/own_vector.cpp:724:_ZN7own_std6vectorIhLy1EE6insertEPhS2_S2_	88	static
src/own_vector.cpp:632:_ZN7own_std6vectorIhLy1EE5beginEv	24	static
src/own_vector.cpp:640:_ZN7own_std6vectorIhLy1EE3endEv	24	static
src/own_vector.cpp:632:_ZN7own_std6vectorIhLy0EE5beginEv	24	static
src/own_vector.cpp:640:_ZN7own_std6vectorIhLy0EE3endEv	24	static
src/own_vector.cpp:712:_ZN7own_std6vectorIhLy1EE4dataEv	8	static
src/own_vector.cpp:632:_ZN7own_std6vectorI8call_relLy0EE5beginEv	24	static
src/own_vector.cpp:640:_ZN7own_std6vectorI8call_relLy0EE3endEv	24	static
src/own_vector.cpp:632:_ZN7own_std6vectorI13machine_relocLy0EE5beginEv	24	static
src/own_vector.cpp:640:_ZN7own_std6vectorI13machine_relocLy0EE3endEv	24	static
src/own_vector.cpp:579:_ZN7own_std6vectorIhLy1EEixEy	24	static
src/compile.cpp:976:_Z12SetNodeIdentP10lang_stateP4nodePci	120	static
src/compile.cpp:986:_Z8GetNodeRP4node	8	static
src/compile.cpp:990:_Z20GetProcessedNodeTypeP19comp_time_type_info	8	static
src/compile.cpp:994:_Z10IsNodeTypeP4node9node_type	8	static
src/compile.cpp:998:_Z8GetNodeLP4node	8	static
src/compile.cpp:1002:_Z11GetNodeTypeP4node	8	static
src/compile.cpp:1101:_Z16WasmGetFuncAtIdxP11wasm_interpi	24	static
src/own_vector.cpp:579:_ZN7own_std6vectorIP9func_declLy0EEixEy	24	static
src/compile.cpp:1105:_Z19FuncAddedWasmInterpP11wasm_interpN7own_std6stringE	72	static
src/compile.cpp:1120:_Z13FuncAddedWasmP18web_assembly_stateN7own_std6stringEPi	104	static
src/compile.cpp:1153:_Z13AddFuncToWasmP18web_assembly_stateP9func_declb	184	static
src/compile.cpp:1238:_Z10GenUleb128PN7own_std6vectorIhLy0EEEj	40	static
src/compile.cpp:1274:_Z11WasmPushImmiPN7own_std6vectorIhLy0EEE	8	static
src/compile.cpp:1281:_Z13WasmPushConstcciPN7own_std6vectorIhLy0EEE	8	static
src/compile.cpp:1309:_Z13WasmStoreInstP10lang_stateRN7own_std6vectorIhLy0EEEic	8	static
src/compile.cpp:1394:_Z19WasmPushLoadOrStoreccciPN7own_std6vectorIhLy0EEE	40	static
src/compile.cpp:1422:_Z20WasmGenBinOpImmToRegP10lang_stateiciRN7own_std6vectorIhLy0EEEc	56	static
src/compile.cpp:1443:_Z15WasmGenRegToMemP10lang_stateP9byte_codeRN7own_std6vectorIhLy0EEE	56	static
src/compile.cpp:1536:_Z9FreeBlockP12block_linked	8	static
src/compile.cpp:1540:_Z8NewBlockP12block_linked	24	static
src/compile.cpp:1550:_Z11WesmGenMovRP10lang_stateiiRN7own_std6vectorIhLy0EEE	40	static
src/compile.cpp:1561:_Z13GetDepthBreakP12block_linkedii	56	static
src/compile.cpp:1586:_Z18GenConditionalJumpRN7own_std6vectorIhLy0EEEciiP12block_linked	56	static
src/compile.cpp:1601:_Z16WasmPushLocalSetRN7own_std6vectorIhLy0EEEi	24	static
src/compile.cpp:1606:_Z16WasmPushLocalGetRN7own_std6vectorIhLy0EEEi	24	static
src/compile.cpp:1612:_Z23WasmPushWhateverIRValIsP10lang_stateRSt13unordered_mapIP5decl2iSt4hashIS3_ESt8equal_toIS3_ESaISt4pairIKS3_iEEEP6ir_valSF_RN7own_std6vectorIhLy0EEE	72	static
/usr/lib/gcc/x86_64-linux-gnu/14/../../../../include/c++/14/bits/unordered_map.h:987:_ZNSt13unordered_mapIP5decl2iSt4hashIS1_ESt8equal_toIS1_ESaISt4pairIKS1_iEEEixERS7_	24	static
src/compile.cpp:1645:_Z12WasmPushInst9tkn_type2bRN7own_std6vectorIhLy0EEE15wstack_val_type	8	static
src/compile.cpp:1797:_Z22WasmIrIncDerefsPushBinR6ir_valS0_	8	static
src/compile.cpp:1809:_Z16WasmPushMultipleP14wasm_gen_statebR6ir_valS2_PS1_9tkn_type2RN7own_std6vectorIhLy0EEEb	88	static
src/compile.cpp:1943:_Z13WasmPushIRValP14wasm_gen_stateP6ir_valRN7own_std6vectorIhLy0EEEb	200	static
src/compile.cpp:1865:_Z17GetOppositeCondIR7ir_type	24	static
src/compile.cpp:1879:_Z14WasmBeginStackP10lang_stateRN7own_std6vectorIhLy0EEEi	8	static
src/compile.cpp:1886:_Z12WasmEndStackP10lang_stateRN7own_std6vectorIhLy0EEEi	8	static
src/compile.cpp:1894:_Z14AreIRValsEqualP6ir_valS0_	40	static
src/compile.cpp:1918:_Z20GetOnStackTypeOffsetP9func_declP6ir_val	40	static
src/compile.cpp:2099:_Z17WasmPopToRegisterP14wasm_gen_stateiRN7own_std6vectorIhLy0EEE	40	static
src/compile.cpp:2109:_Z16WasmPushRegisterP14wasm_gen_stateiRN7own_std6vectorIhLy0EEE	40	static
src/compile.cpp:2121:_Z16WasmFromSingleIRRSt13unordered_mapIP5decl2iSt4hashIS1_ESt8equal_toIS1_ESaISt4pairIKS1_iEEERiSC_P6ir_repRN7own_std6vectorIhLy0EEEPiPNSG_ISD_Ly0EEEPP12block_linkedP6ir_valP14wasm_gen_statei	568	static
src/own_vector.cpp:857:_ZN7own_std6vectorI9stmnt_dbgLy0EE12emplace_backERS1_	40	static
src/own_vector.cpp:681:_ZN7own_std6vectorIP6ir_valLy0EE5clearEv	24	static
src/compile.cpp:2752:_Z15FindScpWithLineP9func_decli	72	static
src/compile.cpp:2773:_Z17FindVarWithOffsetP9func_decliPP5decl2i	72	static
src/compile.cpp:2967:_Z13GetFreeHandleP9dbg_state	40	static
src/compile.cpp:2982:_Z18WasmModifyCurBcPtrP9dbg_stateP7wasm_bc	8	static
src/compile.cpp:2994:_Z16WasmNumToString2P9dbg_stateic14print_num_type	56	static
src/compile.cpp:3039:_Z15WasmNumToStringP9dbg_stateic14print_num_type	120	static
src/compile.cpp:3086:_Z15WasmGetBCStringP9dbg_stateP9func_declP7wasm_bcPN7own_std6vectorIS3_Ly0EEE	1192	static
src/compile.cpp:3324:_Z13WasmGetRegValP9dbg_statei	8	static
src/compile.cpp:3329:_Z17WasmIrValToStringP9dbg_stateP6ir_val	888	static
src/compile.cpp:3436:_Z12WasmGetBinIRP9dbg_stateP6ir_rep	312	static
src/compile.cpp:3446:_Z16WasmIrAssignmentP9dbg_stateP11assign_info	472	static
src/compile.cpp:3465:_Z14WasmIrToStringP9dbg_stateP6ir_repRN7own_std6stringE	1480	static
src/compile.cpp:3618:_Z16WasmGetIrWithIdxP9dbg_stateP9func_decliPP6ir_repPiii	88	static
src/compile.cpp:3646:_Z13WasmPrintVarsP9dbg_state	872	static
src/compile.cpp:3687:_Z18WasmInterpGetReValPcib	8	static
src/compile.cpp:3695:_Z18GetIrBasedOnOffsetP9dbg_stateiii	72	static
src/compile.cpp:3708:_Z18GetIrBasedOnOffsetP9dbg_statei	56	static
src/compile.cpp:3721:_Z23GetStmntBasedOnOffsetIrPN7own_std6vectorI9stmnt_dbgLy0EEEi	56	static
src/own_vector.cpp:632:_ZN7own_std6vectorI9stmnt_dbgLy0EE5beginEv	24	static
src/own_vector.cpp:640:_ZN7own_std6vectorI9stmnt_dbgLy0EE3endEv	24	static
src/compile.cpp:3733:_Z21GetStmntBasedOnOffsetPN7own_std6vectorI9stmnt_dbgLy0EEEi	56	static
src/compile.cpp:3751:_Z12WasmGetStackP9dbg_state	824	static
src/own_vector.cpp:632:_ZN7own_std6vectorI14wasm_stack_valLy0EE5beginEv	24	static
src/own_vector.cpp:640:_ZN7own_std6vectorI14wasm_stack_valLy0EE3endEv	24	static
src/compile.cpp:3794:_Z19WasmGetMemOffsetValP9dbg_statej	8	static
src/compile.cpp:3800:_Z14WasmGetDeclValP9dbg_statei	24	static
src/compile.cpp:8433:_Z12GetRegValPtriP9dbg_states	8	static
src/compile.cpp:3805:_Z24WasmFromAstArrToStackValP9dbg_stateN7own_std6vectorIP7ast_repLy0EEEP15typed_stack_val	1000	static
src/own_vector.cpp:563:_ZN7own_std6vectorI15typed_stack_valLy0EEC2Ev	24	static
src/own_vector.cpp:677:_ZN7own_std6vectorI15typed_stack_valLy0EE4backEv	24	static
src/own_vector.cpp:685:_ZN7own_std6vectorI15typed_stack_valLy0EE8pop_backEv	24	static
src/compile.cpp:3785:_ZN15typed_stack_valaSERKS_	136	static
src/own_vector.cpp:640:_ZN7own_std6vectorI15typed_stack_valLy0EE3endEv	24	static
src/own_vector.cpp:857:_ZN7own_std6vectorI15typed_stack_valLy0EE12emplace_backERS1_	40	static
src/compile.cpp:3785:_ZN15typed_stack_valD2Ev	24	static
src/own_vector.cpp:702:_ZN7own_std6vectorI15typed_stack_valLy0EE4sizeEv	8	static
src/own_vector.cpp:881:_ZN7own_std6vectorI15typed_stack_valLy0EED2Ev	24	static
src/compile.cpp:3922:_Z13WasmGenRegStrP9dbg_stateiiN7own_std6stringE	536	static
src/compile.cpp:3952:_Z18WasmPrintRegistersP9dbg_state	632	static
src/compile.cpp:3995:_Z15WasmVarToStringP9dbg_statecP5decl2icb	1304	static
src/compile.cpp:4078:_Z22WasmGetSingleExprToStrP9dbg_stateP8dbg_expr	1928	static
src/compile.cpp:3785:_ZN15typed_stack_valC2Ev	24	static
src/own_vector.cpp:589:_ZN7own_std6vectorIP7ast_repLy0EEC2ERS3_	40	static
src/own_vector.cpp:681:_ZN7own_std6vectorIP7ast_repLy0EE5clearEv	24	static
src/compile.cpp:4298:_Z20WasmPrintExpressionsP9dbg_state	120	static
src/own_vector.cpp:632:_ZN7own_std6vectorIP8dbg_exprLy0EE5beginEv	24	static
src/own_vector.cpp:640:_ZN7own_std6vectorIP8dbg_exprLy0EE3endEv	24	static
src/compile.cpp:4314:_Z20WasmBreakOnNextStmntP9dbg_statePb	72	static
src/own_vector.cpp:677:_ZN7own_std6vectorI9stmnt_dbgLy0EE4backEv	24	static
src/own_vector.cpp:632:_ZN7own_std6vectorI7wasm_bcLy0EE5beginEv	24	static
src/compile.cpp:4344:_Z13GetSuggestionP12command_infoN7own_std6stringE	200	static
src/own_vector.cpp:632:_ZN7own_std6vectorIP12command_infoLy0EE5beginEv	24	static
src/own_vector.cpp:640:_ZN7own_std6vectorIP12command_infoLy0EE3endEv	24	static
src/own_vector.cpp:632:_ZN7own_std6vectorINS_6stringELy0EE5beginEv	24	static
src/own_vector.cpp:640:_ZN7own_std6vectorINS_6stringELy0EE3endEv	24	static
src/compile.cpp:4377:_Z16InsertSuggestionP9dbg_stateRN7own_std6stringEPi	648	static
src/own_vector.cpp:685:_ZN7own_std6vectorI6token2Ly0EE8pop_backEv	24	static
src/compile.cpp:2832:_ZN17command_info_argsC2Ev	24	static
src/own_vector.cpp:44:_ZN7own_std6string6insertEyS0_	136	static
src/compile.cpp:2832:_ZN17command_info_argsD2Ev	24	static
src/own_vector.cpp:579:_ZN7own_std6vectorINS_6stringELy0EEixEy	24	static
src/compile.cpp:4434:_Z19WasmGetExprFromTknsP9dbg_statePN7own_std6vectorI6token2Ly0EEE	1016	static
src/node.h:294:_ZN4node8FreeTreeEv	24	static
src/compile.cpp:4556:_Z18WasmGetExprFromStrP9dbg_stateN7own_std6stringE	120	static
src/compile.cpp:4565:_Z23DoAndOpInValBasedOnSizeyc	40	static
src/compile.cpp:4778:_Z15WasmIrInterpBinP9dbg_stateP6ir_valS2_9tkn_type2	104	static
src/compile.cpp:4586:_Z21WasmIrInterpGetIrVal2IfET_P9dbg_stateP6ir_val	104	static
src/node.cpp:3582:_Z17GetExpressionValTIyET_9tkn_type2S0_S0_	56	static
src/compile.cpp:4586:_Z21WasmIrInterpGetIrVal2IyET_P9dbg_stateP6ir_val	88	static
src/compile.cpp:4586:_Z21WasmIrInterpGetIrVal2IxET_P9dbg_stateP6ir_val	88	static
src/node.cpp:3582:_Z17GetExpressionValTIxET_9tkn_type2S0_S0_	56	static
src/compile.cpp:5049:_Z10AuxX64CallPvPS_PDv4_fPcS_c	2120	static
src/compile.cpp:5076:_Z11WasmCallX64iP11wasm_interpR9dbg_statePhP9func_decli	216	static
src/compile.cpp:5131:_Z23WasmDoCallInstructionIrP9dbg_statePP6ir_repPP12block_linkedP9func_decl	56	static
src/own_vector.cpp:857:_ZN7own_std6vectorIP6ir_repLy0EE12emplace_backERS2_	40	static
src/compile.cpp:5147:_Z10IrEndStackP9dbg_statePP6ir_repS2_	56	static
src/own_vector.cpp:685:_ZN7own_std6vectorIP9func_declLy0EE8pop_backEv	24	static
src/own_vector.cpp:677:_ZN7own_std6vectorIP9func_declLy0EE4backEv	24	static
src/own_vector.cpp:677:_ZN7own_std6vectorIP6ir_repLy0EE4backEv	24	static
src/own_vector.cpp:685:_ZN7own_std6vectorIP6ir_repLy0EE8pop_backEv	24	static
src/compile.cpp:5166:_Z8IrLogic2P9dbg_statePP6ir_repS2_	376	static
src/compile.cpp:4827:_Z19WasmIrInterpAssign2IiEvP9dbg_stateP6ir_rep	120	static
src/compile.cpp:4586:_Z21WasmIrInterpGetIrVal2IjET_P9dbg_stateP6ir_val	88	static
src/compile.cpp:4586:_Z21WasmIrInterpGetIrVal2IiET_P9dbg_stateP6ir_val	88	static
src/compile.cpp:4827:_Z19WasmIrInterpAssign2IfEvP9dbg_stateP6ir_rep	120	static
src/compile.cpp:1024:_ZN11wasm_interp8get_funcERN7own_std6stringE	56	static
src/compile.cpp:5353:_Z7IrLogicP9dbg_statePP6ir_rep	88	static
src/compile.cpp:4698:_Z20WasmIrInterpGetIrValIiET_P9dbg_stateP6ir_val	56	static
src/compile.cpp:4950:_Z18WasmIrInterpAssignIfEvP9dbg_stateP6ir_rep	120	static
src/compile.cpp:4950:_Z18WasmIrInterpAssignIiEvP9dbg_stateP6ir_rep	120	static
src/compile.cpp:5471:_Z16BeginLocalsChildR9dbg_stateiP5scope	56	static
src/include/imgui/docking/imgui.h:300:_ZN6ImVec2C2Eff	8	static
src/compile.cpp:11373:_Z19ImGuiPrintScopeVarsPcR9dbg_stateP5scopei	136	static
src/compile.cpp:5491:_Z14IsExecutableIrP6ir_rep	8	static
src/compile.cpp:5506:_Z15AdvanceIrToNextPP6ir_rep	24	static
src/compile.cpp:5513:_Z16GetMemAddrStringR9dbg_stateiiii	248	static
src/compile.cpp:5578:_Z16UpdateExprWindowR9dbg_stateii	440	static
src/own_vector.cpp:632:_ZN7own_std6vectorIP9dbg_expr2Ly0EE5beginEv	24	static
src/own_vector.cpp:640:_ZN7own_std6vectorIP9dbg_expr2Ly0EE3endEv	24	static
src/compile.cpp:5608:_Z18MaybeAddNewDbgExprP9dbg_stateRN7own_std6stringEii	1464	static
src/own_vector.cpp:857:_ZN7own_std6vectorIP9dbg_expr2Ly0EE12emplace_backERS2_	40	static
src/compile.cpp:5708:_Z14ShowExprWindowR9dbg_stateii	216	static
src/compile.cpp:10990:_Z13ImGuiPrintVarPcR9dbg_stateP5decl2ic	1432	static
src/compile.cpp:5770:_Z17GetFuncBasedOnBc2P9dbg_stateP10byte_code2	72	static
src/compile.cpp:5785:_Z13SHowMemWindowiR9dbg_statePPcRiS3_iiP9func_decl	840	static
src/own_vector.cpp:702:_ZN7own_std6vectorI15call_stack_infoLy0EE4sizeEv	8	static
src/own_vector.cpp:632:_ZN7own_std6vectorIPP10byte_code2Ly0EE5beginEv	24	static
src/own_vector.cpp:640:_ZN7own_std6vectorIPP10byte_code2Ly0EE3endEv	24	static
src/own_vector.cpp:857:_ZN7own_std6vectorI15call_stack_infoLy0EE12emplace_backERS1_	40	static
src/own_vector.cpp:632:_ZN7own_std6vectorI15call_stack_infoLy0EE5beginEv	24	static
src/own_vector.cpp:640:_ZN7own_std6vectorI15call_stack_infoLy0EE3endEv	24	static
src/compile.cpp:5876:_Z19PrintExpressionTknsP9dbg_statePN7own_std6vectorI6token2Ly0EEE	200	static
src/memory.h:128:_ZN9mem_allocC2Ev	40	static
src/compile.cpp:6401:_Z7JsPrintP9dbg_state	8	static
src/compile.cpp:6405:_Z21WasmDoCallInstructionP9dbg_statePP7wasm_bcPP12block_linkedP9func_decl	56	static
src/own_vector.cpp:857:_ZN7own_std6vectorIP12block_linkedLy0EE12emplace_backERS2_	40	static
src/own_vector.cpp:857:_ZN7own_std6vectorIP7wasm_bcLy0EE12emplace_backERS2_	40	static
src/compile.cpp:6418:_Z30WasmSerializePushU32IntoVectorPN7own_std6vectorIhLy0EEEi	24	static
src/compile.cpp:6580:_Z22WasmSerializeSimpleVarP18web_assembly_stateP15serialize_stateP5decl2i	56	static
src/compile.cpp:6605:_Z23WasmSerializeStructTypeP18web_assembly_stateP15serialize_stateP12type_struct2	72	static
src/compile.cpp:7079:_Z23WasmSerializePushStringP15serialize_statePN7own_std6stringEP7str_dbg	72	static
src/own_vector.cpp:644:_ZN7own_std6vectorIhLy0EE10make_countEy	40	static
src/compile.cpp:6661:_Z28IrChangeDeclAddrToTypeOffsetP6ir_val	8	static
src/compile.cpp:6666:_Z19WasmSerializeFuncIrP15serialize_stateP9func_decl	120	static
src/own_vector.cpp:724:_ZN7own_std6vectorIhLy0EE6insertEPhS2_S2_	88	static
src/compile.cpp:6734:_Z21TestFuncsWithSameNamePN7own_std6vectorIP9func_declLy0EEENS_6stringEPNS0_IiLy0EEE	72	static
src/compile.cpp:6747:_Z17WasmSerializeFuncP18web_assembly_stateP15serialize_stateP9func_decl	216	static
src/own_vector.cpp:702:_ZN7own_std6vectorI9stmnt_dbgLy0EE4sizeEv	8	static
src/own_vector.cpp:563:_ZN7own_std6vectorIiLy0EEC2Ev	24	static
src/own_vector.cpp:881:_ZN7own_std6vectorIiLy0EED2Ev	24	static
src/compile.cpp:6802:_Z17WasmSerializeTypeP18web_assembly_stateP15serialize_stateP5type2	56	static
src/compile.cpp:6827:_Z18WasmSerializeScopeP18web_assembly_stateP15serialize_stateP5scopejj	552	static
src/own_vector.cpp:563:_ZN7own_std6vectorIZ18WasmSerializeScopeP18web_assembly_stateP15serialize_stateP5scopejjE10f_ptr_infoLy0EEC2Ev	24	static
src/own_vector.cpp:857:_ZN7own_std6vectorIZ18WasmSerializeScopeP18web_assembly_stateP15serialize_stateP5scopejjE10f_ptr_infoLy0EE12emplace_backERS7_	40	static
src/own_vector.cpp:632:_ZN7own_std6vectorIZ18WasmSerializeScopeP18web_assembly_stateP15serialize_stateP5scopejjE10f_ptr_infoLy0EE5beginEv	24	static
src/own_vector.cpp:640:_ZN7own_std6vectorIZ18WasmSerializeScopeP18web_assembly_stateP15serialize_stateP5scopejjE10f_ptr_infoLy0EE3endEv	24	static
src/own_vector.cpp:881:_ZN7own_std6vectorIZ18WasmSerializeScopeP18web_assembly_stateP15serialize_stateP5scopejjE10f_ptr_infoLy0EED2Ev	24	static
src/compile.cpp:7069:_Z23WasmSerializeBuiltTypesP15serialize_state	40	static
src/compile.cpp:7086:_Z13WasmSerializeP18web_assembly_stateRN7own_std6vectorIhLy0EEERNS2_I10byte_code2Ly0EEE	1752	static
src/compile.cpp:6557:_ZN15serialize_stateC2Ev	136	static
src/own_vector.cpp:702:_ZN7own_std6vectorIP9unit_fileLy0EE4sizeEv	8	static
src/own_vector.cpp:702:_ZN7own_std6vectorI10byte_code2Ly0EE4sizeEv	8	static
src/own_vector.cpp:632:_ZN7own_std6vectorI10byte_code2Ly0EE5beginEv	24	static
src/own_vector.cpp:640:_ZN7own_std6vectorI10byte_code2Ly0EE3endEv	24	static
src/compile.cpp:6557:_ZN15serialize_stateD2Ev	24	static
src/compile.cpp:7224:_Z30WasmInterpNameFromOffsetAndLenPhP19dbg_file_seriealizeP7str_dbg	72	static
src/own_vector.cpp:204:_ZN7own_std6stringC2EPKcy	104	static
src/compile.cpp:7231:_Z24WasmInterpBuildSimplaVarPhjP10lang_stateP19dbg_file_seriealizeP5scopeP7var_dbg	408	static
src/compile.cpp:7240:_Z21WasmInterpBuildStructPhjP10lang_stateP19dbg_file_seriealizeP8type_dbg	472	static
src/compile.cpp:7265:_Z19WasmInterpBuildFuncPhP11wasm_interpP10lang_stateP19dbg_file_seriealizeP8func_dbg	664	static
src/own_vector.cpp:724:_ZN7own_std6vectorI9stmnt_dbgLy0EE6insertEPS1_S3_S3_	88	static
src/compile.cpp:7350:_Z10SizeofFuncP10lang_state	392	static
src/own_vector.cpp:863:_ZN7own_std6vectorIP5decl2Ly0EE9push_backEOS2_	24	static
src/compile.cpp:7360:_Z27WasmInterpBuildVarsForScopePhjP10lang_stateP19dbg_file_seriealizeP9scope_dbgP5scope	1384	static
src/compile.cpp:352:_ZN22ptr_decl_that_have_lenC2Ev	8	static
src/own_vector.cpp:857:_ZN7own_std6vectorI22ptr_decl_that_have_lenLy0EE12emplace_backERS1_	40	static
src/compile.cpp:348:_ZN22ptr_decl_that_have_lenD2Ev	8	static
src/compile.cpp:7536:_Z20WasmInterpSearchFileP10lang_statePN7own_std6stringE	56	static
src/compile.cpp:7546:_Z19WasmInterpBuildEnumP11wasm_interpPhjP10lang_stateP19dbg_file_seriealizeP5scopeP9scope_dbgb	8	static
src/compile.cpp:7551:_Z21WasmInterpBuildScopesP11wasm_interpPhjP10lang_stateP19dbg_file_seriealizeP5scopeP9scope_dbgb	584	static
src/own_vector.cpp:867:_ZN7own_std6vectorIPcLy0EE12emplace_backEOS1_	40	static
src/compile.cpp:7708:_Z11WasmBcLogicP11wasm_interpR9dbg_statePP7wasm_bcPhPP12block_linkedRb	1368	static
src/own_vector.cpp:677:_ZN7own_std6vectorI14wasm_stack_valLy0EE4backEv	24	static
src/own_vector.cpp:685:_ZN7own_std6vectorI14wasm_stack_valLy0EE8pop_backEv	24	static
src/own_vector.cpp:677:_ZN7own_std6vectorIP7wasm_bcLy0EE4backEv	24	static
src/own_vector.cpp:685:_ZN7own_std6vectorIP7wasm_bcLy0EE8pop_backEv	24	static
src/own_vector.cpp:677:_ZN7own_std6vectorIP12block_linkedLy0EE4backEv	24	static
src/own_vector.cpp:685:_ZN7own_std6vectorIP12block_linkedLy0EE8pop_backEv	24	static
src/own_vector.cpp:857:_ZN7own_std6vectorI14wasm_stack_valLy0EE12emplace_backERS1_	40	static
src/compile.cpp:8286:_Z12ExitDebuggerPP5scopePP7wasm_bc	8	static
src/compile.cpp:8297:_Z15ImGuiDrawSquareR9dbg_stateij	232	static
src/main.cpp:203:_ZN2v3miERS_	8	static
src/compile.cpp:8368:_Z16GetOpBasedOnInst14byte_code_enum	24	static
src/compile.cpp:8372:_Z21DoOperationOnPtrFloatPccf9tkn_type2	40	static
src/compile.cpp:8383:_Z24DoOperationOnPtrUnsignedPccy9tkn_type2	56	static
src/node.cpp:3582:_Z17GetExpressionValTIhET_9tkn_type2S0_S0_	24	static
src/node.cpp:3582:_Z17GetExpressionValTItET_9tkn_type2S0_S0_	24	static
src/node.cpp:3582:_Z17GetExpressionValTIjET_9tkn_type2S0_S0_	40	static
src/compile.cpp:8403:_Z16DoOperationOnPtrPccy9tkn_type2	56	static
src/node.cpp:3582:_Z17GetExpressionValTIsET_9tkn_type2S0_S0_	24	static
src/compile.cpp:8429:_Z17GetFloatRegValPtriP9dbg_states	8	static
src/compile.cpp:8437:_Z12GetMemValPtriP9dbg_statesi	56	static
src/compile.cpp:8443:_Z9GetRegStrscPc	40	static
src/compile.cpp:8466:_Z9SizeToStrc	8	static
src/compile.cpp:8483:_Z9InstToStr14byte_code_enum	40	static
src/compile.cpp:8487:_Z11MemToStringP9dbg_statePccic	88	static
src/compile.cpp:8513:_Z11Bc2ToStringP9dbg_stateP10byte_code2Pci	216	static
src/compile.cpp:9075:_Z23MakeCurBcToBeBreakpointP9dbg_stateP10byte_code2ib	56	static
src/own_vector.cpp:857:_ZN7own_std6vectorI10breakpointLy0EE12emplace_backERS1_	40	static
src/compile.cpp:9087:_Z10Bc2CallX64iP9dbg_statePP10byte_code2P9func_decl	72	static
src/compile.cpp:9107:_Z8Bc2LogiciP9dbg_statePP10byte_code2PbS4_i	2264	static
src/compile.cpp:8935:_Z9DoCmpInstPvyPyc	72	static
src/compile.cpp:8920:_Z14DoCmpInstFloatffPy	8	static
src/own_vector.cpp:685:_ZN7own_std6vectorIPP10byte_code2Ly0EE8pop_backEv	24	static
src/compile.cpp:8962:_Z11DoMovSXIntsP9dbg_statePyS1_i	56	static
src/compile.cpp:9026:_Z11DoMovZXIntsP9dbg_statePyS1_i	56	static
src/own_vector.cpp:867:_ZN7own_std6vectorIPP10byte_code2Ly0EE12emplace_backEOS3_	40	static
src/compile.cpp:9869:_Z11StatHasInstP9stmnt_dbgP10byte_code2PS2_14byte_code_enum	8	static
src/compile.cpp:9886:_Z10ThreadFuncP15thread_creationP9dbg_stateP10GLFWwindowP10byte_code2	72	static
src/main.cpp:8301:_Z13SuspendThreadP15thread_creationP9dbg_state	24	static
src/compile.cpp:9917:_Z8HackFunciP9dbg_stateP10GLFWwindowP10byte_code2	520	static
src/own_vector.cpp:702:_ZN7own_std6vectorIPP10byte_code2Ly0EE4sizeEv	8	static
src/compile.cpp:9962:_Z14Bc2InterpreterP9dbg_stateP10GLFWwindowP9func_decl	1736	static
src/memory.h:148:_ZN12linear_alloc4initEi	40	static
src/own_vector.cpp:563:_ZN7own_std6vectorI15call_stack_infoLy0EEC2Ev	24	static
src/own_vector.cpp:707:_ZN7own_std6vectorI15call_stack_infoLy0EE7reserveEy	24	static
src/own_vector.cpp:681:_ZN7own_std6vectorI15call_stack_infoLy0EE5clearEv	24	static
src/own_vector.cpp:707:_ZN7own_std6vectorIPP10byte_code2Ly0EE7reserveEy	24	static
src/own_vector.cpp:681:_ZN7own_std6vectorIPP10byte_code2Ly0EE5clearEv	24	static
src/include/imgui/docking/imgui.h:313:_ZN6ImVec4C2Effff	8	static
src/own_vector.cpp:632:_ZN7own_std6vectorI10breakpointLy0EE5beginEv	24	static
src/own_vector.cpp:640:_ZN7own_std6vectorI10breakpointLy0EE3endEv	24	static
src/main.cpp:2428:_Z11IsKeyRepeatiPvi	8	static
src/own_vector.cpp:717:_ZN7own_std6vectorI10breakpointLy0EE6removeEy	40	static
src/main.cpp:4121:_Z9ClearKeysPv	8	static
src/compile.cpp:10452:_Z13WasmInterpRunP11wasm_interpPhjN7own_std6stringEPxi	536	static
src/own_vector.cpp:707:_ZN7own_std6vectorI14wasm_stack_valLy0EE7reserveEy	24	static
src/own_vector.cpp:579:_ZN7own_std6vectorI7wasm_bcLy0EEixEy	24	static
src/own_vector.cpp:579:_ZN7own_std6vectorI9stmnt_dbgLy0EEixEy	24	static
src/compile.cpp:8281:_ZL19glfw_error_callbackiPKc	24	static
src/main.cpp:7462:_Z10OpenWindowiP9dbg_state	872	static
src/own_vector.cpp:681:_ZN7own_std6vectorIP9func_declLy0EE5clearEv	24	static
src/compile.cpp:10963:_Z10RunDbgFuncP10lang_stateN7own_std6stringEPxi	216	static
src/compile.cpp:11386:_Z20WasmInterpPatchIrValP6ir_valP19dbg_file_seriealize	72	static
src/compile.cpp:11401:_Z17WasmInterpPatchIrPN7own_std6vectorI6ir_repLy0EEEP11wasm_interpP19dbg_file_seriealize	120	static
src/compile.cpp:11468:_Z11PrintScpPrePhP9scope_dbg	648	static
src/compile.cpp:11490:_Z14WasmInterpInitP11wasm_interpPhjP10lang_state	1608	static
src/own_vector.cpp:681:_ZN7own_std6vectorIP9unit_fileLy0EE5clearEv	24	static
src/own_vector.cpp:632:_ZN7own_std6vectorI22ptr_decl_that_have_lenLy0EE5beginEv	24	static
src/own_vector.cpp:640:_ZN7own_std6vectorI22ptr_decl_that_have_lenLy0EE3endEv	24	static
src/own_vector.cpp:563:_ZN7own_std6vectorI10RatedStuffIP5decl2iELy0EEC2Ev	24	static
src/own_vector.cpp:681:_ZN7own_std6vectorI10RatedStuffIP5decl2iELy0EE5clearEv	24	static
src/sort.h:8:_ZN10RatedStuffIP5decl2iEC2Ev	8	static
src/own_vector.cpp:857:_ZN7own_std6vectorI10RatedStuffIP5decl2iELy0EE12emplace_backERS4_	40	static
src/sort.cpp:28:_Z14SortRatedStuffIP5decl2iEvPN7own_std6vectorI10RatedStuffIT_T0_ELy0EEE	72	static
src/own_vector.cpp:579:_ZN7own_std6vectorI10RatedStuffIP5decl2iELy0EEixEy	24	static
src/compile.cpp:1170:_Z13decodeSLEB128PKhPjS0_PPKc	8	static
src/own_vector.cpp:867:_ZN7own_std6vectorINS_6stringELy0EE12emplace_backEOS1_	40	static
src/own_vector.cpp:857:_ZN7own_std6vectorIP12command_infoLy0EE12emplace_backERS2_	40	static
src/own_vector.cpp:702:_ZN7own_std6vectorI7wasm_bcLy0EE4sizeEv	8	static
src/own_vector.cpp:640:_ZN7own_std6vectorI7wasm_bcLy0EE3endEv	24	static
src/own_vector.cpp:881:_ZN7own_std6vectorI10RatedStuffIP5decl2iELy0EED2Ev	24	static
src/compile.cpp:12179:_Z12WasmIrInterpP9dbg_stateP10GLFWwindowP9func_decl	216	static
src/compile.cpp:12342:_Z18WasmInterpFindFuncP11wasm_interpN7own_std6stringE	72	static
src/compile.cpp:12357:_Z32WasmCmdPrintWasmFuncAutoCompleteP9dbg_stateP17command_info_args	584	static
src/own_vector.cpp:702:_ZN7own_std6vectorINS_6stringELy0EE4sizeEv	8	static
src/compile.cpp:12420:_Z21WasmPushNameIntoArrayPN7own_std6vectorIhLy0EEENS_6stringE	168	static
src/own_vector.cpp:681:_ZN7own_std6vectorIhLy0EE5clearEv	24	static
src/compile.cpp:1209:_Z13encodeSLEB128PN7own_std6vectorIhLy0EEElj	56	static
src/compile.cpp:12431:_Z25WasmInsertSectSizeAndTypePN7own_std6vectorIhLy0EEEc	136	static
src/own_vector.cpp:805:_ZN7own_std6vectorIhLy0EE6insertEyRh	72	static
src/compile.cpp:12444:_Z14WasmAppendFuncRN7own_std6vectorIhLy0EEEP9func_decl	40	static
src/compile.cpp:12473:_Z14PreX64ImmToRegRN7own_std6vectorI9byte_codeLy0EEExcsc	40	static
src/compile.cpp:12477:_Z22FromIrValToBytecodeRegP6ir_valPN9byte_code7operandE	8	static
src/compile.cpp:12483:_Z11PreX64DerefP10lang_statescRN7own_std6vectorI9byte_codeLy0EEE	152	static
src/compile.cpp:12498:_Z14GenX64RegToRegRN7own_std6vectorI9byte_codeLy0EEEscsc14byte_code_enum	168	static
src/compile.cpp:12508:_Z14GenX64ImmToMemRN7own_std6vectorI9byte_codeLy0EEEsici14byte_code_enum	168	static
src/compile.cpp:12518:_Z14GenX64ImmToRegRN7own_std6vectorI9byte_codeLy0EEEsci14byte_code_enum	152	static
src/compile.cpp:12528:_Z14GenX64MemToRegRN7own_std6vectorI9byte_codeLy0EEEscis14byte_code_enum	168	static
src/compile.cpp:12541:_Z14GenX64RegToMemRN7own_std6vectorI9byte_codeLy0EEEscis14byte_code_enum	168	static
src/compile.cpp:12553:_Z14GenX64RegToRegP10lang_stateRN7own_std6vectorI9byte_codeLy0EEEscs14byte_code_enum	184	static
src/compile.cpp:12563:_Z19GenX64DeclWithDerefP10lang_stateRN7own_std6vectorI9byte_codeLy0EEEscic	168	static
src/compile.cpp:12616:_Z30GenX64DeclAndIntOperationToRegP10lang_stateRN7own_std6vectorI9byte_codeLy0EEEP6ir_rep14byte_code_enumS8_S8_scc	200	static
src/compile.cpp:12653:_Z25GenX64DeclAndIntOperationP10lang_stateRN7own_std6vectorI9byte_codeLy0EEEP6ir_rep14byte_code_enumS8_	168	static
src/compile.cpp:12694:_Z14GenX64RetGroupP10lang_stateiRN7own_std6vectorI9byte_codeLy0EEE	536	static
src/bytecode.h:552:_ZN9byte_codeaSERKS_	56	static
src/compile.cpp:12726:_Z22GenX64AutomaticAddressP10lang_stateRN7own_std6vectorI9byte_codeLy0EEEcPsPicbbbbs	184	static
src/compile.cpp:12784:_Z23GenX64AutomaticRegDerefP10lang_stateRN7own_std6vectorI9byte_codeLy0EEEcPscbbbs	104	static
src/compile.cpp:12813:_Z24GenX64AutomaticDeclDerefP10lang_stateRN7own_std6vectorI9byte_codeLy0EEEcPsPicbbbbs	104	static
src/compile.cpp:12833:_Z26DetermineMovBcBasedOnDerefcbb	8	static
src/compile.cpp:12875:_Z16GenX64ToIrValImmP10lang_stateRN7own_std6vectorI9byte_codeLy0EEEP10ir_val_auxP6ir_val	8	static
src/compile.cpp:12884:_Z17GenX64ToIrValReg2P10lang_stateRN7own_std6vectorI9byte_codeLy0EEEP10ir_val_auxP6ir_valbbc	232	static
src/compile.cpp:12918:_Z16GenX64ToIrValRegP10lang_stateRN7own_std6vectorI9byte_codeLy0EEEP10ir_val_auxP6ir_valb	72	static
src/compile.cpp:12928:_Z21GenX64ToIrValFloatRawP10lang_stateRN7own_std6vectorI9byte_codeLy0EEEP10ir_val_auxP6ir_valbs	88	static
src/compile.cpp:12939:_Z25GetOnStackOffsetWithIrValP10lang_stateP6ir_val	40	static
src/compile.cpp:12964:_Z16GenX64DeclGlobalP10lang_stateRN7own_std6vectorI9byte_codeLy0EEEP10ir_val_auxic	152	static
src/compile.cpp:12983:_Z18GenX64ToIrValDecl2P10lang_stateRN7own_std6vectorI9byte_codeLy0EEEP10ir_val_auxP6ir_valbbs	360	static
src/compile.cpp:13051:_Z13GenX64BinInstP10lang_stateRN7own_std6vectorI9byte_codeLy0EEEP10ir_val_auxS7_14byte_code_enum	200	static
src/compile.cpp:13177:_Z23GenX64GetCorrectBinInstP10ir_val_auxS0_14byte_code_enumS1_	8	static
src/compile.cpp:13203:_Z14GenX64PointLhsP10lang_stateRN7own_std6vectorI9byte_codeLy0EEEP10ir_val_auxscicb	72	static
src/compile.cpp:13230:_Z25GenX64AddGetFuncAddrRelocP10lang_stateRN7own_std6vectorI9byte_codeLy0EEEP10ir_val_auxP9func_decl	152	static
src/compile.cpp:13244:_Z26GenX64BytecodeFromAssignIRP10lang_stateRN7own_std6vectorI9byte_codeLy0EEERNS2_I6ir_repLy0EEEP14wasm_gen_statePS6_R11assign_infoi	2360	static
src/compile.cpp:14502:_Z9PatchJmpsRN7own_std6vectorI9byte_codeLy0EEEP12block_linked	56	static
src/own_vector.cpp:632:_ZN7own_std6vectorI12x64_rel_infoLy0EE5beginEv	24	static
src/own_vector.cpp:640:_ZN7own_std6vectorI12x64_rel_infoLy0EE3endEv	24	static
src/compile.cpp:14512:_Z15GenX64AsmGetRegP10lang_stateRN7own_std6stringEPN9byte_code7operandE	56	static
src/compile.cpp:14541:_Z23GenX64AsmIsMemoryAssignP10lang_statePP6token2PN9byte_code7operandE	56	static
src/compile.cpp:14601:_Z12GenX64AsmBinP10lang_stateR9byte_codeP6token214byte_code_enumS5_S5_S5_S5_	72	static
src/compile.cpp:14667:_Z21GenX64ByteCodeFromStrP10lang_stateRN7own_std6vectorI9byte_codeLy0EEERNS1_6stringEP5scope	456	static
src/compile.cpp:14761:_Z26TokenCmpToPackedFloatIndex9tkn_type2	24	static
src/compile.cpp:14777:_Z23FloatIsMovSomething2RegP9byte_code	8	static
src/compile.cpp:14805:_Z20GenX64BytecodeFromIRP10lang_stateRN7own_std6vectorI9byte_codeLy0EEERNS2_I6ir_repLy0EEEP14wasm_gen_state	2152	static
src/own_vector.cpp:857:_ZN7own_std6vectorI12x64_rel_infoLy0EE12emplace_backERS1_	40	static
[...]
/usr/lib/gcc/x86_64-linux-gnu/14/../../../../include/c++/14/bits/hashtable.h:656:_ZNKSt10_HashtableINSt7__cxx1112basic_stringIcSt11char_traitsIcESaIcEEESt4pairIKS5_iESaIS8_ENSt8__detail10_Select1stESt8equal_toIS5_ESt4hashIS5_ENSA_18_Mod_range_hashingENSA_20_Default_ranged_hashENSA_20_Prime_rehash_policyENSA_17_Hashtable_traitsILb1ELb0ELb1EEEE4sizeEv	8	static
/usr/lib/gcc/x86_64-linux-gnu/14/../../../../include/c++/14/bits/hashtable.h:429:_ZNSt10_HashtableINSt7__cxx1112basic_stringIcSt11char_traitsIcESaIcEEESt4pairIKS5_iESaIS8_ENSt8__detail10_Select1stESt8equal_toIS5_ESt4hashIS5_ENSA_18_Mod_range_hashingENSA_20_Default_ranged_hashENSA_20_Prime_rehash_policyENSA_17_Hashtable_traitsILb1ELb0ELb1EEEE22__small_size_thresholdEv	8	static
/usr/lib/gcc/x86_64-linux-gnu/14/../../../../include/c++/14/bits/hashtable_policy.h:1814:_ZNKSt8__detail15_Hashtable_baseINSt7__cxx1112basic_stringIcSt11char_traitsIcESaIcEEESt4pairIKS6_iENS_10_Select1stESt8equal_toIS6_ESt4hashIS6_ENS_18_Mod_range_hashingENS_20_Default_ranged_hashENS_17_Hashtable_traitsILb1ELb0ELb1EEEE13_M_key_equalsERS8_RKNS_16_Hash_node_valueIS9_Lb1EEE	72	static
/usr/lib/gcc/x86_64-linux-gnu/14/../../../../include/c++/14/bits/hashtable_policy.h:442:_ZNSt8__detail14_Node_iteratorISt4pairIKNSt7__cxx1112basic_stringIcSt11char_traitsIcESaIcEEEiELb0ELb1EEC2EPNS_10_Hash_nodeIS9_Lb1EEE	24	static
/usr/lib/gcc/x86_64-linux-gnu/14/../../../../include/c++/14/bits/hashtable.h:640:_ZNSt10_HashtableINSt7__cxx1112basic_stringIcSt11char_traitsIcESaIcEEESt4pairIKS5_iESaIS8_ENSt8__detail10_Select1stESt8equal_toIS5_ESt4hashIS5_ENSA_18_Mod_range_hashingENSA_20_Default_ranged_hashENSA_20_Prime_rehash_policyENSA_17_Hashtable_traitsILb1ELb0ELb1EEEE3endEv	24	static
/usr/lib/gcc/x86_64-linux-gnu/14/../../../../include/c++/14/bits/hashtable_policy.h:1409:_ZNKSt8__detail15_Hash_code_baseINSt7__cxx1112basic_stringIcSt11char_traitsIcESaIcEEESt4pairIKS6_iENS_10_Select1stESt4hashIS6_ENS_18_Mod_range_hashingENS_20_Default_ranged_hashELb1EE12_M_hash_codeERS8_	24	static
/usr/lib/gcc/x86_64-linux-gnu/14/../../../../include/c++/14/bits/hashtable.h:803:_ZNKSt10_HashtableINSt7__cxx1112basic_stringIcSt11char_traitsIcESaIcEEESt4pairIKS5_iESaIS8_ENSt8__detail10_Select1stESt8equal_toIS5_ESt4hashIS5_ENSA_18_Mod_range_hashingENSA_20_Default_ranged_hashENSA_20_Prime_rehash_policyENSA_17_Hashtable_traitsILb1ELb0ELb1EEEE15_M_bucket_indexEm	24	static
/usr/lib/gcc/x86_64-linux-gnu/14/../../../../include/c++/14/bits/hashtable.h:819:_ZNKSt10_HashtableINSt7__cxx1112basic_stringIcSt11char_traitsIcESaIcEEESt4pairIKS5_iESaIS8_ENSt8__detail10_Select1stESt8equal_toIS5_ESt4hashIS5_ENSA_18_Mod_range_hashingENSA_20_Default_ranged_hashENSA_20_Prime_rehash_policyENSA_17_Hashtable_traitsILb1ELb0ELb1EEEE12_M_find_nodeEmRS7_m	56	static
/usr/lib/gcc/x86_64-linux-gnu/14/../../../../include/c++/14/bits/hashtable_policy.h:303:_ZNSt8__detail22_Hashtable_hash_traitsISt4hashINSt7__cxx1112basic_stringIcSt11char_traitsIcESaIcEEEEE22__small_size_thresholdEv	8	static
/usr/lib/gcc/x86_64-linux-gnu/14/../../../../include/c++/14/bits/hashtable_policy.h:1867:_ZNKSt8__detail15_Hashtable_baseINSt7__cxx1112basic_stringIcSt11char_traitsIcESaIcEEESt4pairIKS6_iENS_10_Select1stESt8equal_toIS6_ESt4hashIS6_ENS_18_Mod_range_hashingENS_20_Default_ranged_hashENS_17_Hashtable_traitsILb1ELb0ELb1EEEE5_M_eqEv	24	static
/usr/lib/gcc/x86_64-linux-gnu/14/../../../../include/c++/14/bits/stl_function.h:374:_ZNKSt8equal_toINSt7__cxx1112basic_stringIcSt11char_traitsIcESaIcEEEEclERKS5_S8_	40	static
/usr/lib/gcc/x86_64-linux-gnu/14/../../../../include/c++/14/bits/hashtable_policy.h:112:_ZNKSt8__detail10_Select1stclIRKSt4pairIKNSt7__cxx1112basic_stringIcSt11char_traitsIcESaIcEEEiEEEONS0_10__1st_typeIT_E4typeEOSE_	8	static
/usr/lib/gcc/x86_64-linux-gnu/14/../../../../include/c++/14/bits/hashtable_policy.h:1328:_ZNKSt8__detail21_Hashtable_ebo_helperILi0ESt8equal_toINSt7__cxx1112basic_stringIcSt11char_traitsIcESaIcEEEELb1EE7_M_cgetEv	8	static
/usr/lib/gcc/x86_64-linux-gnu/14/../../../../include/c++/14/bits/basic_string.h:3755:_ZSteqIcSt11char_traitsIcESaIcEEbRKNSt7__cxx1112basic_stringIT_T0_T1_EESA_	72	static
/usr/lib/gcc/x86_64-linux-gnu/14/../../../../include/c++/14/bits/char_traits.h:366:_ZNSt11char_traitsIcE7compareEPKcS2_m	40	static
/usr/lib/gcc/x86_64-linux-gnu/14/../../../../include/c++/14/ext/aligned_buffer.h:120:_ZNK9__gnu_cxx16__aligned_bufferISt4pairIKNSt7__cxx1112basic_stringIcSt11char_traitsIcESaIcEEEiEE6_M_ptrEv	24	static
/usr/lib/gcc/x86_64-linux-gnu/14/../../../../include/c++/14/ext/aligned_buffer.h:110:_ZNK9__gnu_cxx16__aligned_bufferISt4pairIKNSt7__cxx1112basic_stringIcSt11char_traitsIcESaIcEEEiEE7_M_addrEv	8	static
/usr/lib/gcc/x86_64-linux-gnu/14/../../../../include/c++/14/bits/hashtable_policy.h:399:_ZNSt8__detail19_Node_iterator_baseISt4pairIKNSt7__cxx1112basic_stringIcSt11char_traitsIcESaIcEEEiELb1EEC2EPNS_10_Hash_nodeIS9_Lb1EEE	8	static
/usr/lib/gcc/x86_64-linux-gnu/14/../../../../include/c++/14/bits/hashtable_policy.h:1481:_ZNKSt8__detail15_Hash_code_baseINSt7__cxx1112basic_stringIcSt11char_traitsIcESaIcEEESt4pairIKS6_iENS_10_Select1stESt4hashIS6_ENS_18_Mod_range_hashingENS_20_Default_ranged_hashELb1EE7_M_hashEv	24	static
/usr/lib/gcc/x86_64-linux-gnu/14/../../../../include/c++/14/bits/basic_string.h:4618:_ZNKSt15__str_hash_baseIcSaIcENSt7__cxx1112basic_stringIcSt11char_traitsIcES0_EEEclERKS5_	40	static
/usr/lib/gcc/x86_64-linux-gnu/14/../../../../include/c++/14/bits/hashtable_policy.h:1328:_ZNKSt8__detail21_Hashtable_ebo_helperILi1ESt4hashINSt7__cxx1112basic_stringIcSt11char_traitsIcESaIcEEEELb1EE7_M_cgetEv	8	static
/usr/lib/gcc/x86_64-linux-gnu/14/../../../../include/c++/14/bits/functional_hash.h:204:_ZNSt10_Hash_impl4hashEPKvmm	40	static
/usr/lib/gcc/x86_64-linux-gnu/14/../../../../include/c++/14/bits/hashtable_policy.h:1434:_ZNKSt8__detail15_Hash_code_baseINSt7__cxx1112basic_stringIcSt11char_traitsIcESaIcEEESt4pairIKS6_iENS_10_Select1stESt4hashIS6_ENS_18_Mod_range_hashingENS_20_Default_ranged_hashELb1EE15_M_bucket_indexEmm	40	static
/usr/lib/gcc/x86_64-linux-gnu/14/../../../../include/c++/14/bits/hashtable.h:2067:_ZNKSt10_HashtableINSt7__cxx1112basic_stringIcSt11char_traitsIcESaIcEEESt4pairIKS5_iESaIS8_ENSt8__detail10_Select1stESt8equal_toIS5_ESt4hashIS5_ENSA_18_Mod_range_hashingENSA_20_Default_ranged_hashENSA_20_Prime_rehash_policyENSA_17_Hashtable_traitsILb1ELb0ELb1EEEE19_M_find_before_nodeEmRS7_m	72	static
/usr/lib/gcc/x86_64-linux-gnu/14/../../../../include/c++/14/bits/hashtable_policy.h:1838:_ZNKSt8__detail15_Hashtable_baseINSt7__cxx1112basic_stringIcSt11char_traitsIcESaIcEEESt4pairIKS6_iENS_10_Select1stESt8equal_toIS6_ESt4hashIS6_ENS_18_Mod_range_hashingENS_20_Default_ranged_hashENS_17_Hashtable_traitsILb1ELb0ELb1EEEE9_M_equalsERS8_mRKNS_16_Hash_node_valueIS9_Lb1EEE	56	static
/usr/lib/gcc/x86_64-linux-gnu/14/../../../../include/c++/14/bits/hashtable.h:799:_ZNKSt10_HashtableINSt7__cxx1112basic_stringIcSt11char_traitsIcESaIcEEESt4pairIKS5_iESaIS8_ENSt8__detail10_Select1stESt8equal_toIS5_ESt4hashIS5_ENSA_18_Mod_range_hashingENSA_20_Default_ranged_hashENSA_20_Prime_rehash_policyENSA_17_Hashtable_traitsILb1ELb0ELb1EEEE15_M_bucket_indexERKNSA_16_Hash_node_valueIS8_Lb1EEE	24	static
/usr/lib/gcc/x86_64-linux-gnu/14/../../../../include/c++/14/bits/hashtable_policy.h:1798:_ZNSt8__detail15_Hashtable_baseINSt7__cxx1112basic_stringIcSt11char_traitsIcESaIcEEESt4pairIKS6_iENS_10_Select1stESt8equal_toIS6_ESt4hashIS6_ENS_18_Mod_range_hashingENS_20_Default_ranged_hashENS_17_Hashtable_traitsILb1ELb0ELb1EEEE9_S_equalsEmRKNS_21_Hash_node_code_cacheILb1EEE	8	static
/usr/lib/gcc/x86_64-linux-gnu/14/../../../../include/c++/14/bits/hashtable_policy.h:1449:_ZNKSt8__detail15_Hash_code_baseINSt7__cxx1112basic_stringIcSt11char_traitsIcESaIcEEESt4pairIKS6_iENS_10_Select1stESt4hashIS6_ENS_18_Mod_range_hashingENS_20_Default_ranged_hashELb1EE15_M_bucket_indexERKNS_16_Hash_node_valueIS9_Lb1EEEm	40	static
/usr/lib/gcc/x86_64-linux-gnu/14/../../../../include/c++/14/bits/hashtable_policy.h:473:_ZNSt8__detaileqERKNS_14_Node_iteratorISt4pairIKNSt7__cxx1112basic_stringIcSt11char_traitsIcESaIcEEEiELb0ELb1EEESC_	40	static
/usr/lib/gcc/x86_64-linux-gnu/14/../../../../include/c++/14/bits/hashtable_policy.h:407:_ZNSt8__detaileqERKNS_19_Node_iterator_baseISt4pairIKNSt7__cxx1112basic_stringIcSt11char_traitsIcESaIcEEEiELb1EEESC_	8	static
/usr/lib/gcc/x86_64-linux-gnu/14/../../../../include/c++/14/bits/hashtable_policy.h:937:_ZNSt8__detail9_Map_baseINSt7__cxx1112basic_stringIcSt11char_traitsIcESaIcEEESt4pairIKS6_iESaIS9_ENS_10_Select1stESt8equal_toIS6_ESt4hashIS6_ENS_18_Mod_range_hashingENS_20_Default_ranged_hashENS_20_Prime_rehash_policyENS_17_Hashtable_traitsILb1ELb0ELb1EEELb1EEixEOS6_	168	static
/usr/lib/gcc/x86_64-linux-gnu/14/../../../../include/c++/14/tuple:2652:_ZSt16forward_as_tupleIJNSt7__cxx1112basic_stringIcSt11char_traitsIcESaIcEEEEESt5tupleIJDpOT_EES9_	40	static
/usr/lib/gcc/x86_64-linux-gnu/14/../../../../include/c++/14/bits/hashtable.h:310:_ZNSt10_HashtableINSt7__cxx1112basic_stringIcSt11char_traitsIcESaIcEEESt4pairIKS5_iESaIS8_ENSt8__detail10_Select1stESt8equal_toIS5_ESt4hashIS5_ENSA_18_Mod_range_hashingENSA_20_Default_ranged_hashENSA_20_Prime_rehash_policyENSA_17_Hashtable_traitsILb1ELb0ELb1EEEE12_Scoped_nodeC2IJRKSt21piecewise_construct_tSt5tupleIJOS5_EESR_IJEEEEEPNSA_16_Hashtable_allocISaINSA_10_Hash_nodeIS8_Lb1EEEEEEDpOT_	56	static
/usr/lib/gcc/x86_64-linux-gnu/14/../../../../include/c++/14/bits/hashtable.h:2230:_ZNSt10_HashtableINSt7__cxx1112basic_stringIcSt11char_traitsIcESaIcEEESt4pairIKS5_iESaIS8_ENSt8__detail10_Select1stESt8equal_toIS5_ESt4hashIS5_ENSA_18_Mod_range_hashingENSA_20_Default_ranged_hashENSA_20_Prime_rehash_policyENSA_17_Hashtable_traitsILb1ELb0ELb1EEEE21_M_insert_unique_nodeEmmPNSA_10_Hash_nodeIS8_Lb1EEEm	136	static
/usr/lib/gcc/x86_64-linux-gnu/14/../../../../include/c++/14/bits/hashtable_policy.h:450:_ZNKSt8__detail14_Node_iteratorISt4pairIKNSt7__cxx1112basic_stringIcSt11char_traitsIcESaIcEEEiELb0ELb1EEptEv	24	static
/usr/lib/gcc/x86_64-linux-gnu/14/../../../../include/c++/14/bits/hashtable.h:316:_ZNSt10_HashtableINSt7__cxx1112basic_stringIcSt11char_traitsIcESaIcEEESt4pairIKS5_iESaIS8_ENSt8__detail10_Select1stESt8equal_toIS5_ESt4hashIS5_ENSA_18_Mod_range_hashingENSA_20_Default_ranged_hashENSA_20_Prime_rehash_policyENSA_17_Hashtable_traitsILb1ELb0ELb1EEEE12_Scoped_nodeD2Ev	24	static
/usr/lib/gcc/x86_64-linux-gnu/14/../../../../include/c++/14/tuple:1489:_ZNSt5tupleIJONSt7__cxx1112basic_stringIcSt11char_traitsIcESaIcEEEEEC2IJS5_ELb1ETnNSt9enable_ifIXclsr4_TCCIXT0_EEE29__is_implicitly_constructibleIDpT_EEEbE4typeELb1EEEDpOSA_	24	static
/usr/lib/gcc/x86_64-linux-gnu/14/../../../../include/c++/14/tuple:573:_ZNSt11_Tuple_implILm0EJONSt7__cxx1112basic_stringIcSt11char_traitsIcESaIcEEEEEC2IS5_EEOT_	24	static
/usr/lib/gcc/x86_64-linux-gnu/14/../../../../include/c++/14/tuple:209:_ZNSt10_Head_baseILm0EONSt7__cxx1112basic_stringIcSt11char_traitsIcESaIcEEELb0EEC2IS5_EEOT_	8	static
/usr/lib/gcc/x86_64-linux-gnu/14/../../../../include/c++/14/bits/hashtable_policy.h:2097:_ZNSt8__detail16_Hashtable_allocISaINS_10_Hash_nodeISt4pairIKNSt7__cxx1112basic_stringIcSt11char_traitsIcESaIcEEEiELb1EEEEE16_M_allocate_nodeIJRKSt21piecewise_construct_tSt5tupleIJOS8_EESI_IJEEEEEPSB_DpOT_	248	static
/usr/lib/gcc/x86_64-linux-gnu/14/../../../../include/c++/14/bits/ptr_traits.h:205:_ZSt12__to_addressINSt8__detail10_Hash_nodeISt4pairIKNSt7__cxx1112basic_stringIcSt11char_traitsIcESaIcEEEiELb1EEEEPT_SD_	8	static
/usr/lib/gcc/x86_64-linux-gnu/14/../../../../include/c++/14/bits/hashtable_policy.h:381:_ZNSt8__detail10_Hash_nodeISt4pairIKNSt7__cxx1112basic_stringIcSt11char_traitsIcESaIcEEEiELb1EEC2Ev	24	static
/usr/lib/gcc/x86_64-linux-gnu/14/../../../../include/c++/14/bits/new_allocator.h:126:_ZNSt15__new_allocatorINSt8__detail10_Hash_nodeISt4pairIKNSt7__cxx1112basic_stringIcSt11char_traitsIcESaIcEEEiELb1EEEE8allocateEmPKv	40	static
/usr/lib/gcc/x86_64-linux-gnu/14/../../../../include/c++/14/tuple:1505:_ZNSt5tupleIJONSt7__cxx1112basic_stringIcSt11char_traitsIcESaIcEEEEEC2EOS7_	24	static
/usr/lib/gcc/x86_64-linux-gnu/14/../../../../include/c++/14/tuple:2875:_ZNSt4pairIKNSt7__cxx1112basic_stringIcSt11char_traitsIcESaIcEEEiEC2IJOS5_EJEEESt21piecewise_construct_tSt5tupleIJDpT_EESB_IJDpT0_EE	40	static
/usr/lib/gcc/x86_64-linux-gnu/14/../../../../include/c++/14/tuple:587:_ZNSt11_Tuple_implILm0EJONSt7__cxx1112basic_stringIcSt11char_traitsIcESaIcEEEEEC2EOS7_	8	static
/usr/lib/gcc/x86_64-linux-gnu/14/../../../../include/c++/14/tuple:2887:_ZNSt4pairIKNSt7__cxx1112basic_stringIcSt11char_traitsIcESaIcEEEiEC2IJOS5_EJLm0EEJETpTnmJEEERSt5tupleIJDpT_EERSA_IJDpT1_EESt12_Index_tupleIJXspT0_EEESJ_IJXspT2_EEE	56	static
/usr/lib/gcc/x86_64-linux-gnu/14/../../../../include/c++/14/tuple:2445:_ZSt3getILm0EJONSt7__cxx1112basic_stringIcSt11char_traitsIcESaIcEEEEERNSt13tuple_elementIXT_ESt5tupleIJDpT0_EEE4typeERSB_	24	static
/usr/lib/gcc/x86_64-linux-gnu/14/../../../../include/c++/14/tuple:2429:_ZSt12__get_helperILm0EONSt7__cxx1112basic_stringIcSt11char_traitsIcESaIcEEEJEERT0_RSt11_Tuple_implIXT_EJS7_DpT1_EE	24	static
/usr/lib/gcc/x86_64-linux-gnu/14/../../../../include/c++/14/tuple:557:_ZNSt11_Tuple_implILm0EJONSt7__cxx1112basic_stringIcSt11char_traitsIcESaIcEEEEE7_M_headERS7_	24	static
/usr/lib/gcc/x86_64-linux-gnu/14/../../../../include/c++/14/tuple:243:_ZNSt10_Head_baseILm0EONSt7__cxx1112basic_stringIcSt11char_traitsIcESaIcEEELb0EE7_M_headERS7_	8	static
/usr/lib/gcc/x86_64-linux-gnu/14/../../../../include/c++/14/bits/hashtable.h:2625:_ZNSt10_HashtableINSt7__cxx1112basic_stringIcSt11char_traitsIcESaIcEEESt4pairIKS5_iESaIS8_ENSt8__detail10_Select1stESt8equal_toIS5_ESt4hashIS5_ENSA_18_Mod_range_hashingENSA_20_Default_ranged_hashENSA_20_Prime_rehash_policyENSA_17_Hashtable_traitsILb1ELb0ELb1EEEE9_M_rehashEmSt17integral_constantIbLb1EE	88	static
/usr/lib/gcc/x86_64-linux-gnu/14/../../../../include/c++/14/bits/hashtable_policy.h:1465:_ZNKSt8__detail15_Hash_code_baseINSt7__cxx1112basic_stringIcSt11char_traitsIcESaIcEEESt4pairIKS6_iENS_10_Select1stESt4hashIS6_ENS_18_Mod_range_hashingENS_20_Default_ranged_hashELb1EE13_M_store_codeERNS_21_Hash_node_code_cacheILb1EEEm	8	static
/usr/lib/gcc/x86_64-linux-gnu/14/../../../../include/c++/14/bits/hashtable.h:841:_ZNSt10_HashtableINSt7__cxx1112basic_stringIcSt11char_traitsIcESaIcEEESt4pairIKS5_iESaIS8_ENSt8__detail10_Select1stESt8equal_toIS5_ESt4hashIS5_ENSA_18_Mod_range_hashingENSA_20_Default_ranged_hashENSA_20_Prime_rehash_policyENSA_17_Hashtable_traitsILb1ELb0ELb1EEEE22_M_insert_bucket_beginEmPNSA_10_Hash_nodeIS8_Lb1EEE	56	static
/usr/lib/gcc/x86_64-linux-gnu/14/../../../../include/c++/14/bits/hashtable.h:439:_ZNSt10_HashtableINSt7__cxx1112basic_stringIcSt11char_traitsIcESaIcEEESt4pairIKS5_iESaIS8_ENSt8__detail10_Select1stESt8equal_toIS5_ESt4hashIS5_ENSA_18_Mod_range_hashingENSA_20_Default_ranged_hashENSA_20_Prime_rehash_policyENSA_17_Hashtable_traitsILb1ELb0ELb1EEEE19_M_allocate_bucketsEm	40	static
/usr/lib/gcc/x86_64-linux-gnu/14/../../../../include/c++/14/bits/hashtable_policy.h:2150:_ZNSt8__detail16_Hashtable_allocISaINS_10_Hash_nodeISt4pairIKNSt7__cxx1112basic_stringIcSt11char_traitsIcESaIcEEEiELb1EEEEE19_M_allocate_bucketsEm	136	static
/usr/local/include/assimp/matrix4x4.inl:135:_ZN12aiMatrix4x4tIfEmLERKS0_	184	static
/usr/local/include/assimp/matrix4x4.inl:72:_ZN12aiMatrix4x4tIfEC2Effffffffffffffff	8	static
src/own_vector.cpp:846:_ZN7own_std6vectorIP4boneLy0EE17TestSizeAndRegrowEv	24	static
src/Array.cpp:65:_ZN9LangArrayIP4boneE3AddEPS1_	40	static
src/own_vector.cpp:649:_ZN7own_std6vectorIP4boneLy0EE6regrowEy	56	static
/usr/lib/gcc/x86_64-linux-gnu/14/../../../../include/c++/14/bits/hashtable_policy.h:910:_ZNSt8__detail9_Map_baseINSt7__cxx1112basic_stringIcSt11char_traitsIcESaIcEEESt4pairIKS6_iESaIS9_ENS_10_Select1stESt8equal_toIS6_ESt4hashIS6_ENS_18_Mod_range_hashingENS_20_Default_ranged_hashENS_20_Prime_rehash_policyENS_17_Hashtable_traitsILb1ELb0ELb1EEELb1EEixERS8_	168	static
/usr/lib/gcc/x86_64-linux-gnu/14/../../../../include/c++/14/tuple:1474:_ZNSt5tupleIJRKNSt7__cxx1112basic_stringIcSt11char_traitsIcESaIcEEEEEC2ILb1ETnNSt9enable_ifIXclsr4_TCCIXT_EEE29__is_implicitly_constructibleIS7_EEEbE4typeELb1EEES7_	24	static
/usr/lib/gcc/x86_64-linux-gnu/14/../../../../include/c++/14/bits/hashtable.h:310:_ZNSt10_HashtableINSt7__cxx1112basic_stringIcSt11char_traitsIcESaIcEEESt4pairIKS5_iESaIS8_ENSt8__detail10_Select1stESt8equal_toIS5_ESt4hashIS5_ENSA_18_Mod_range_hashingENSA_20_Default_ranged_hashENSA_20_Prime_rehash_policyENSA_17_Hashtable_traitsILb1ELb0ELb1EEEE12_Scoped_nodeC2IJRKSt21piecewise_construct_tSt5tupleIJRS7_EESR_IJEEEEEPNSA_16_Hashtable_allocISaINSA_10_Hash_nodeIS8_Lb1EEEEEEDpOT_	56	static
/usr/lib/gcc/x86_64-linux-gnu/14/../../../../include/c++/14/tuple:567:_ZNSt11_Tuple_implILm0EJRKNSt7__cxx1112basic_stringIcSt11char_traitsIcESaIcEEEEEC2ES7_	24	static
/usr/lib/gcc/x86_64-linux-gnu/14/../../../../include/c++/14/tuple:202:_ZNSt10_Head_baseILm0ERKNSt7__cxx1112basic_stringIcSt11char_traitsIcESaIcEEELb0EEC2ES7_	8	static
/usr/lib/gcc/x86_64-linux-gnu/14/../../../../include/c++/14/bits/hashtable_policy.h:2097:_ZNSt8__detail16_Hashtable_allocISaINS_10_Hash_nodeISt4pairIKNSt7__cxx1112basic_stringIcSt11char_traitsIcESaIcEEEiELb1EEEEE16_M_allocate_nodeIJRKSt21piecewise_construct_tSt5tupleIJRS9_EESI_IJEEEEEPSB_DpOT_	248	static
/usr/lib/gcc/x86_64-linux-gnu/14/../../../../include/c++/14/tuple:1505:_ZNSt5tupleIJRKNSt7__cxx1112basic_stringIcSt11char_traitsIcESaIcEEEEEC2EOS8_	24	static
/usr/lib/gcc/x86_64-linux-gnu/14/../../../../include/c++/14/tuple:2875:_ZNSt4pairIKNSt7__cxx1112basic_stringIcSt11char_traitsIcESaIcEEEiEC2IJRS6_EJEEESt21piecewise_construct_tSt5tupleIJDpT_EESB_IJDpT0_EE	40	static
/usr/lib/gcc/x86_64-linux-gnu/14/../../../../include/c++/14/tuple:587:_ZNSt11_Tuple_implILm0EJRKNSt7__cxx1112basic_stringIcSt11char_traitsIcESaIcEEEEEC2EOS8_	8	static
/usr/lib/gcc/x86_64-linux-gnu/14/../../../../include/c++/14/tuple:2887:_ZNSt4pairIKNSt7__cxx1112basic_stringIcSt11char_traitsIcESaIcEEEiEC2IJRS6_EJLm0EEJETpTnmJEEERSt5tupleIJDpT_EERSA_IJDpT1_EESt12_Index_tupleIJXspT0_EEESJ_IJXspT2_EEE	56	static
/usr/lib/gcc/x86_64-linux-gnu/14/../../../../include/c++/14/tuple:2445:_ZSt3getILm0EJRKNSt7__cxx1112basic_stringIcSt11char_traitsIcESaIcEEEEERNSt13tuple_elementIXT_ESt5tupleIJDpT0_EEE4typeERSC_	24	static
/usr/lib/gcc/x86_64-linux-gnu/14/../../../../include/c++/14/tuple:2429:_ZSt12__get_helperILm0ERKNSt7__cxx1112basic_stringIcSt11char_traitsIcESaIcEEEJEERT0_RSt11_Tuple_implIXT_EJS8_DpT1_EE	24	static
/usr/lib/gcc/x86_64-linux-gnu/14/../../../../include/c++/14/tuple:557:_ZNSt11_Tuple_implILm0EJRKNSt7__cxx1112basic_stringIcSt11char_traitsIcESaIcEEEEE7_M_headERS8_	24	static
/usr/lib/gcc/x86_64-linux-gnu/14/../../../../include/c++/14/tuple:243:_ZNSt10_Head_baseILm0ERKNSt7__cxx1112basic_stringIcSt11char_traitsIcESaIcEEELb0EE7_M_headERS8_	8	static
src/Array.cpp:116:_ZN9LangArrayIP9AudioClipEixEy	40	static
src/own_vector.cpp:846:_ZN7own_std6vectorIP9AudioClipLy0EE17TestSizeAndRegrowEv	24	static
src/Array.cpp:65:_ZN9LangArrayIP9AudioClipE3AddEPS1_	40	static
src/own_vector.cpp:649:_ZN7own_std6vectorIP9AudioClipLy0EE6regrowEy	56	static
/usr/lib/gcc/x86_64-linux-gnu/14/../../../../include/c++/14/bits/stl_algobase.h:997:_ZSt8__fill_aIPffEvT_S1_RKT0_	40	static
/usr/lib/gcc/x86_64-linux-gnu/14/../../../../include/c++/14/bits/stl_algobase.h:947:_ZSt9__fill_a1IPffEN9__gnu_cxx11__enable_ifIXsr11__is_scalarIT0_EE7__valueEvE6__typeET_S6_RKS3_	8	static
src/own_vector.cpp:649:_ZN7own_std6vectorIsLy0EE6regrowEy	56	static
src/own_vector.cpp:539:_ZN7own_std6vectorIsLy0EE4InitEy	40	static
src/Array.cpp:116:_ZN9LangArrayIsEixEy	40	static
src/main.cpp:0:_GLOBAL__sub_I_main.cpp	8	static
